Archive member included to satisfy reference by file (symbol)

c:/program files (x86)/gnu tools arm embedded/7 2017-q4-major/bin/../lib/gcc/arm-none-eabi/7.2.1/thumb/v7e-m/fpv4-sp/hard\libgcc.a(_arm_addsubdf3.o)
                              ./src/hal_entry.o (__aeabi_ui2d)
c:/program files (x86)/gnu tools arm embedded/7 2017-q4-major/bin/../lib/gcc/arm-none-eabi/7.2.1/thumb/v7e-m/fpv4-sp/hard\libgcc.a(_arm_cmpdf2.o)
                              ./src/hal_entry.o (__aeabi_dcmpgt)
c:/program files (x86)/gnu tools arm embedded/7 2017-q4-major/bin/../lib/gcc/arm-none-eabi/7.2.1/thumb/v7e-m/fpv4-sp/hard\libgcc.a(_aeabi_ldivmod.o)
                              ./synergy/ssp/src/driver/r_gpt/r_gpt.o (__aeabi_ldivmod)
c:/program files (x86)/gnu tools arm embedded/7 2017-q4-major/bin/../lib/gcc/arm-none-eabi/7.2.1/thumb/v7e-m/fpv4-sp/hard\libgcc.a(_aeabi_uldivmod.o)
                              ./synergy/ssp/src/driver/r_gpt/r_gpt.o (__aeabi_uldivmod)
c:/program files (x86)/gnu tools arm embedded/7 2017-q4-major/bin/../lib/gcc/arm-none-eabi/7.2.1/thumb/v7e-m/fpv4-sp/hard\libgcc.a(_udivmoddi4.o)
                              c:/program files (x86)/gnu tools arm embedded/7 2017-q4-major/bin/../lib/gcc/arm-none-eabi/7.2.1/thumb/v7e-m/fpv4-sp/hard\libgcc.a(_aeabi_ldivmod.o) (__udivmoddi4)
c:/program files (x86)/gnu tools arm embedded/7 2017-q4-major/bin/../lib/gcc/arm-none-eabi/7.2.1/thumb/v7e-m/fpv4-sp/hard\libgcc.a(_dvmd_tls.o)
                              c:/program files (x86)/gnu tools arm embedded/7 2017-q4-major/bin/../lib/gcc/arm-none-eabi/7.2.1/thumb/v7e-m/fpv4-sp/hard\libgcc.a(_aeabi_ldivmod.o) (__aeabi_ldiv0)
c:/program files (x86)/gnu tools arm embedded/7 2017-q4-major/bin/../lib/gcc/arm-none-eabi/7.2.1/../../../../arm-none-eabi/lib/thumb/v7e-m/fpv4-sp/hard\libg_nano.a(lib_a-errno.o)
                              ./synergy/ssp/src/bsp/mcu/all/bsp_sbrk.o (__errno)
c:/program files (x86)/gnu tools arm embedded/7 2017-q4-major/bin/../lib/gcc/arm-none-eabi/7.2.1/../../../../arm-none-eabi/lib/thumb/v7e-m/fpv4-sp/hard\libg_nano.a(lib_a-exit.o)
                              c:/program files (x86)/gnu tools arm embedded/7 2017-q4-major/bin/../lib/gcc/arm-none-eabi/7.2.1/../../../../arm-none-eabi/lib/thumb/v7e-m/fpv4-sp/hard/rdimon-crt0.o (exit)
c:/program files (x86)/gnu tools arm embedded/7 2017-q4-major/bin/../lib/gcc/arm-none-eabi/7.2.1/../../../../arm-none-eabi/lib/thumb/v7e-m/fpv4-sp/hard\libg_nano.a(lib_a-impure.o)
                              c:/program files (x86)/gnu tools arm embedded/7 2017-q4-major/bin/../lib/gcc/arm-none-eabi/7.2.1/../../../../arm-none-eabi/lib/thumb/v7e-m/fpv4-sp/hard\libg_nano.a(lib_a-exit.o) (_global_impure_ptr)
c:/program files (x86)/gnu tools arm embedded/7 2017-q4-major/bin/../lib/gcc/arm-none-eabi/7.2.1/../../../../arm-none-eabi/lib/thumb/v7e-m/fpv4-sp/hard\libg_nano.a(lib_a-init.o)
                              c:/program files (x86)/gnu tools arm embedded/7 2017-q4-major/bin/../lib/gcc/arm-none-eabi/7.2.1/../../../../arm-none-eabi/lib/thumb/v7e-m/fpv4-sp/hard/rdimon-crt0.o (__libc_init_array)
c:/program files (x86)/gnu tools arm embedded/7 2017-q4-major/bin/../lib/gcc/arm-none-eabi/7.2.1/../../../../arm-none-eabi/lib/thumb/v7e-m/fpv4-sp/hard\libg_nano.a(lib_a-memset.o)
                              c:/program files (x86)/gnu tools arm embedded/7 2017-q4-major/bin/../lib/gcc/arm-none-eabi/7.2.1/../../../../arm-none-eabi/lib/thumb/v7e-m/fpv4-sp/hard/rdimon-crt0.o (memset)
c:/program files (x86)/gnu tools arm embedded/7 2017-q4-major/bin/../lib/gcc/arm-none-eabi/7.2.1/../../../../arm-none-eabi/lib/thumb/v7e-m/fpv4-sp/hard\librdimon_nano.a(rdimon-syscalls.o)
                              c:/program files (x86)/gnu tools arm embedded/7 2017-q4-major/bin/../lib/gcc/arm-none-eabi/7.2.1/../../../../arm-none-eabi/lib/thumb/v7e-m/fpv4-sp/hard/rdimon-crt0.o (initialise_monitor_handles)
c:/program files (x86)/gnu tools arm embedded/7 2017-q4-major/bin/../lib/gcc/arm-none-eabi/7.2.1/../../../../arm-none-eabi/lib/thumb/v7e-m/fpv4-sp/hard\librdimon_nano.a(rdimon-_exit.o)
                              c:/program files (x86)/gnu tools arm embedded/7 2017-q4-major/bin/../lib/gcc/arm-none-eabi/7.2.1/../../../../arm-none-eabi/lib/thumb/v7e-m/fpv4-sp/hard\libg_nano.a(lib_a-exit.o) (_exit)
c:/program files (x86)/gnu tools arm embedded/7 2017-q4-major/bin/../lib/gcc/arm-none-eabi/7.2.1/../../../../arm-none-eabi/lib/thumb/v7e-m/fpv4-sp/hard\librdimon_nano.a(rdimon-_kill.o)
                              c:/program files (x86)/gnu tools arm embedded/7 2017-q4-major/bin/../lib/gcc/arm-none-eabi/7.2.1/../../../../arm-none-eabi/lib/thumb/v7e-m/fpv4-sp/hard\librdimon_nano.a(rdimon-_exit.o) (_kill)
c:/program files (x86)/gnu tools arm embedded/7 2017-q4-major/bin/../lib/gcc/arm-none-eabi/7.2.1/../../../../arm-none-eabi/lib/thumb/v7e-m/fpv4-sp/hard\libc_nano.a(lib_a-findfp.o)
[...]
Memory Configuration

Name             Origin             Length             Attributes
FLASH            0x00000000         0x00400000         xr
RAM              0x1ffe0000         0x000a0000         xrw
DATA_FLASH       0x40100000         0x00010000         xr
QSPI_FLASH       0x60000000         0x04000000         xr
SDRAM            0x90000000         0x02000000         xrw
ID_CODES         0x40120050         0x00000010         xr
*default*        0x00000000         0xffffffff

Linker script and memory map

LOAD c:/program files (x86)/gnu tools arm embedded/7 2017-q4-major/bin/../lib/gcc/arm-none-eabi/7.2.1/thumb/v7e-m/fpv4-sp/hard/crti.o
LOAD c:/program files (x86)/gnu tools arm embedded/7 2017-q4-major/bin/../lib/gcc/arm-none-eabi/7.2.1/thumb/v7e-m/fpv4-sp/hard/crtbegin.o
LOAD c:/program files (x86)/gnu tools arm embedded/7 2017-q4-major/bin/../lib/gcc/arm-none-eabi/7.2.1/../../../../arm-none-eabi/lib/thumb/v7e-m/fpv4-sp/hard/rdimon-crt0.o
START GROUP
LOAD ./synergy/ssp/src/driver/r_ioport/r_ioport.o
LOAD ./synergy/ssp/src/driver/r_icu/r_icu.o
LOAD ./synergy/ssp/src/driver/r_gpt/r_gpt.o
LOAD ./synergy/ssp/src/driver/r_fmi/r_fmi.o
LOAD ./synergy/ssp/src/driver/r_elc/r_elc.o
LOAD ./synergy/ssp/src/driver/r_cgc/r_cgc.o
LOAD ./synergy/ssp/src/bsp/mcu/s7g2/bsp_cache.o
LOAD ./synergy/ssp/src/bsp/mcu/s7g2/bsp_clocks.o
LOAD ./synergy/ssp/src/bsp/mcu/s7g2/bsp_feature.o
LOAD ./synergy/ssp/src/bsp/mcu/s7g2/bsp_fmi_R7FS7G27H3A01CFC.o
LOAD ./synergy/ssp/src/bsp/mcu/s7g2/bsp_group_irq.o
LOAD ./synergy/ssp/src/bsp/mcu/s7g2/bsp_hw_locks.o
LOAD ./synergy/ssp/src/bsp/mcu/s7g2/bsp_module_stop.o
LOAD ./synergy/ssp/src/bsp/mcu/s7g2/bsp_rom_registers.o
LOAD ./synergy/ssp/src/bsp/mcu/all/bsp_common.o
LOAD ./synergy/ssp/src/bsp/mcu/all/bsp_common_leds.o
LOAD ./synergy/ssp/src/bsp/mcu/all/bsp_delay.o
LOAD ./synergy/ssp/src/bsp/mcu/all/bsp_irq.o
LOAD ./synergy/ssp/src/bsp/mcu/all/bsp_locking.o
LOAD ./synergy/ssp/src/bsp/mcu/all/bsp_register_protection.o
LOAD ./synergy/ssp/src/bsp/mcu/all/bsp_sbrk.o
LOAD ./synergy/ssp/src/bsp/cmsis/Device/RENESAS/S7G2/Source/startup_S7G2.o
LOAD ./synergy/ssp/src/bsp/cmsis/Device/RENESAS/S7G2/Source/system_S7G2.o
LOAD ./synergy/board/s7g2_sk/bsp_init.o
LOAD ./synergy/board/s7g2_sk/bsp_leds.o
LOAD ./synergy/board/s7g2_sk/bsp_qspi.o
LOAD ./src/synergy_gen/common_data.o
LOAD ./src/synergy_gen/hal_data.o
LOAD ./src/synergy_gen/main.o
LOAD ./src/synergy_gen/pin_data.o
LOAD ./src/hal_entry.o
LOAD C:\Users\SEI403\git\integrador\irqtest\synergy\ssp\src\bsp\cmsis\DSP_Lib\cm4_gcc\libDSP_Lib.a
END GROUP
START GROUP
LOAD c:/program files (x86)/gnu tools arm embedded/7 2017-q4-major/bin/../lib/gcc/arm-none-eabi/7.2.1/thumb/v7e-m/fpv4-sp/hard\libgcc.a
LOAD c:/program files (x86)/gnu tools arm embedded/7 2017-q4-major/bin/../lib/gcc/arm-none-eabi/7.2.1/../../../../arm-none-eabi/lib/thumb/v7e-m/fpv4-sp/hard\libg_nano.a
LOAD c:/program files (x86)/gnu tools arm embedded/7 2017-q4-major/bin/../lib/gcc/arm-none-eabi/7.2.1/../../../../arm-none-eabi/lib/thumb/v7e-m/fpv4-sp/hard\libc_nano.a
END GROUP
START GROUP
LOAD c:/program files (x86)/gnu tools arm embedded/7 2017-q4-major/bin/../lib/gcc/arm-none-eabi/7.2.1/thumb/v7e-m/fpv4-sp/hard\libgcc.a
LOAD c:/program files (x86)/gnu tools arm embedded/7 2017-q4-major/bin/../lib/gcc/arm-none-eabi/7.2.1/../../../../arm-none-eabi/lib/thumb/v7e-m/fpv4-sp/hard\libc_nano.a
LOAD c:/program files (x86)/gnu tools arm embedded/7 2017-q4-major/bin/../lib/gcc/arm-none-eabi/7.2.1/../../../../arm-none-eabi/lib/thumb/v7e-m/fpv4-sp/hard\librdimon_nano.a
END GROUP
START GROUP
LOAD c:/program files (x86)/gnu tools arm embedded/7 2017-q4-major/bin/../lib/gcc/arm-none-eabi/7.2.1/thumb/v7e-m/fpv4-sp/hard\libgcc.a
LOAD c:/program files (x86)/gnu tools arm embedded/7 2017-q4-major/bin/../lib/gcc/arm-none-eabi/7.2.1/../../../../arm-none-eabi/lib/thumb/v7e-m/fpv4-sp/hard\libc_nano.a
LOAD c:/program files (x86)/gnu tools arm embedded/7 2017-q4-major/bin/../lib/gcc/arm-none-eabi/7.2.1/../../../../arm-none-eabi/lib/thumb/v7e-m/fpv4-sp/hard\librdimon_nano.a
END GROUP
LOAD c:/program files (x86)/gnu tools arm embedded/7 2017-q4-major/bin/../lib/gcc/arm-none-eabi/7.2.1/thumb/v7e-m/fpv4-sp/hard/crtend.o
LOAD c:/program files (x86)/gnu tools arm embedded/7 2017-q4-major/bin/../lib/gcc/arm-none-eabi/7.2.1/thumb/v7e-m/fpv4-sp/hard/crtn.o
START GROUP
LOAD c:/program files (x86)/gnu tools arm embedded/7 2017-q4-major/bin/../lib/gcc/arm-none-eabi/7.2.1/thumb/v7e-m/fpv4-sp/hard\libgcc.a
LOAD c:/program files (x86)/gnu tools arm embedded/7 2017-q4-major/bin/../lib/gcc/arm-none-eabi/7.2.1/../../../../arm-none-eabi/lib/thumb/v7e-m/fpv4-sp/hard\libc.a
LOAD c:/program files (x86)/gnu tools arm embedded/7 2017-q4-major/bin/../lib/gcc/arm-none-eabi/7.2.1/../../../../arm-none-eabi/lib/thumb/v7e-m/fpv4-sp/hard\libm.a
LOAD c:/program files (x86)/gnu tools arm embedded/7 2017-q4-major/bin/../lib/gcc/arm-none-eabi/7.2.1/../../../../arm-none-eabi/lib/thumb/v7e-m/fpv4-sp/hard\libnosys.a
END GROUP

.text           0x00000000     0x4e94
                0x00000000                __ROM_Start = .
 *(.vectors)
 .vectors       0x00000000       0x40 ./synergy/ssp/src/bsp/cmsis/Device/RENESAS/S7G2/Source/startup_S7G2.o
                0x00000000                __Vectors
 *(SORT_BY_NAME(.vector.*))
 .vector.ICU_IRQ10
                0x00000040        0x4 ./src/synergy_gen/hal_data.o
                0x00000040                g_vector_ICU_IRQ10
                0x00000044                __Vectors_End = .
                0x00000044                __end__ = .
                0x00000400                . = (__ROM_Start + 0x400)
 *fill*         0x00000044      0x3bc ff
 *(.rom_registers*)
 .rom_registers
                0x00000400       0x3c ./synergy/ssp/src/bsp/mcu/s7g2/bsp_rom_registers.o
                0x00000500                . = (__ROM_Start + 0x500)
 *fill*         0x0000043c       0xc4 ff
                0x00000500                __Vector_Info_Start = .
 *(SORT_BY_NAME(.vector_info.*))
 .vector_info.ICU_IRQ10
                0x00000500        0x8 ./src/synergy_gen/hal_data.o
                0x00000500                g_vector_info_ICU_IRQ10
                0x00000508                __Vector_Info_End = .
                0x00000508                __Lock_Lookup_Start = .
 *(SORT_BY_NAME(.hw_lock_lookup.*))
 .hw_lock_lookup.ADC_0U_0U
                0x00000508        0x4 ./synergy/ssp/src/bsp/mcu/s7g2/bsp_hw_locks.o
                0x00000508                g_lock_lookup_ADC_0U_0U
 .hw_lock_lookup.ADC_0U_1U
                0x0000050c        0x4 ./synergy/ssp/src/bsp/mcu/s7g2/bsp_hw_locks.o
                0x0000050c                g_lock_lookup_ADC_0U_1U
 .hw_lock_lookup.AGT_0U_0U
                0x00000510        0x4 ./synergy/ssp/src/bsp/mcu/s7g2/bsp_hw_locks.o
                0x00000510                g_lock_lookup_AGT_0U_0U
 .hw_lock_lookup.AGT_0U_1U
                0x00000514        0x4 ./synergy/ssp/src/bsp/mcu/s7g2/bsp_hw_locks.o
                0x00000514                g_lock_lookup_AGT_0U_1U
 .hw_lock_lookup.BSC_0U_1U
                0x00000518        0x4 ./synergy/ssp/src/bsp/mcu/s7g2/bsp_hw_locks.o
                0x00000518                g_lock_lookup_BSC_0U_1U
 .hw_lock_lookup.CAC_0U_0U
                0x0000051c        0x4 ./synergy/ssp/src/bsp/mcu/s7g2/bsp_hw_locks.o
                0x0000051c                g_lock_lookup_CAC_0U_0U
 .hw_lock_lookup.CAN_0U_0U
                0x00000520        0x4 ./synergy/ssp/src/bsp/mcu/s7g2/bsp_hw_locks.o
                0x00000520                g_lock_lookup_CAN_0U_0U
 .hw_lock_lookup.CAN_0U_1U
                0x00000524        0x4 ./synergy/ssp/src/bsp/mcu/s7g2/bsp_hw_locks.o
                0x00000524                g_lock_lookup_CAN_0U_1U
 .hw_lock_lookup.COMP_HS_0U_0U
                0x00000528        0x4 ./synergy/ssp/src/bsp/mcu/s7g2/bsp_hw_locks.o
                0x00000528                g_lock_lookup_COMP_HS_0U_0U
 .hw_lock_lookup.COMP_HS_0U_1U
                0x0000052c        0x4 ./synergy/ssp/src/bsp/mcu/s7g2/bsp_hw_locks.o
                0x0000052c                g_lock_lookup_COMP_HS_0U_1U
 .hw_lock_lookup.COMP_HS_0U_2U
                0x00000530        0x4 ./synergy/ssp/src/bsp/mcu/s7g2/bsp_hw_locks.o
                0x00000530                g_lock_lookup_COMP_HS_0U_2U
 .hw_lock_lookup.COMP_HS_0U_3U
                0x00000534        0x4 ./synergy/ssp/src/bsp/mcu/s7g2/bsp_hw_locks.o
                0x00000534                g_lock_lookup_COMP_HS_0U_3U
 .hw_lock_lookup.COMP_HS_0U_4U
                0x00000538        0x4 ./synergy/ssp/src/bsp/mcu/s7g2/bsp_hw_locks.o
                0x00000538                g_lock_lookup_COMP_HS_0U_4U
 .hw_lock_lookup.COMP_HS_0U_5U
                0x0000053c        0x4 ./synergy/ssp/src/bsp/mcu/s7g2/bsp_hw_locks.o
                0x0000053c                g_lock_lookup_COMP_HS_0U_5U
 .hw_lock_lookup.CRC_0U_0U
                0x00000540        0x4 ./synergy/ssp/src/bsp/mcu/s7g2/bsp_hw_locks.o
                0x00000540                g_lock_lookup_CRC_0U_0U
 .hw_lock_lookup.CTSU_0U_0U
                0x00000544        0x4 ./synergy/ssp/src/bsp/mcu/s7g2/bsp_hw_locks.o
                0x00000544                g_lock_lookup_CTSU_0U_0U
 .hw_lock_lookup.DAAD_0U_0U
                0x00000548        0x4 ./synergy/ssp/src/bsp/mcu/s7g2/bsp_hw_locks.o
                0x00000548                g_lock_lookup_DAAD_0U_0U
 .hw_lock_lookup.DAC_0U_0U
                0x0000054c        0x4 ./synergy/ssp/src/bsp/mcu/s7g2/bsp_hw_locks.o
                0x0000054c                g_lock_lookup_DAC_0U_0U
 .hw_lock_lookup.DAC_0U_1U
                0x00000550        0x4 ./synergy/ssp/src/bsp/mcu/s7g2/bsp_hw_locks.o
                0x00000550                g_lock_lookup_DAC_0U_1U
 .hw_lock_lookup.DMAC_0U_0U
                0x00000554        0x4 ./synergy/ssp/src/bsp/mcu/s7g2/bsp_hw_locks.o
                0x00000554                g_lock_lookup_DMAC_0U_0U
 .hw_lock_lookup.DMAC_0U_1U
                0x00000558        0x4 ./synergy/ssp/src/bsp/mcu/s7g2/bsp_hw_locks.o
                0x00000558                g_lock_lookup_DMAC_0U_1U
 .hw_lock_lookup.DMAC_0U_2U
                0x0000055c        0x4 ./synergy/ssp/src/bsp/mcu/s7g2/bsp_hw_locks.o
                0x0000055c                g_lock_lookup_DMAC_0U_2U
 .hw_lock_lookup.DMAC_0U_3U
                0x00000560        0x4 ./synergy/ssp/src/bsp/mcu/s7g2/bsp_hw_locks.o
                0x00000560                g_lock_lookup_DMAC_0U_3U
 .hw_lock_lookup.DMAC_0U_4U
                0x00000564        0x4 ./synergy/ssp/src/bsp/mcu/s7g2/bsp_hw_locks.o
                0x00000564                g_lock_lookup_DMAC_0U_4U
 .hw_lock_lookup.DMAC_0U_5U
                0x00000568        0x4 ./synergy/ssp/src/bsp/mcu/s7g2/bsp_hw_locks.o
                0x00000568                g_lock_lookup_DMAC_0U_5U
 .hw_lock_lookup.DMAC_0U_6U
                0x0000056c        0x4 ./synergy/ssp/src/bsp/mcu/s7g2/bsp_hw_locks.o
                0x0000056c                g_lock_lookup_DMAC_0U_6U
 .hw_lock_lookup.DMAC_0U_7U
                0x00000570        0x4 ./synergy/ssp/src/bsp/mcu/s7g2/bsp_hw_locks.o
                0x00000570                g_lock_lookup_DMAC_0U_7U
 .hw_lock_lookup.DOC_0U_0U
                0x00000574        0x4 ./synergy/ssp/src/bsp/mcu/s7g2/bsp_hw_locks.o
                0x00000574                g_lock_lookup_DOC_0U_0U
 .hw_lock_lookup.DRW_0U_0U
                0x00000578        0x4 ./synergy/ssp/src/bsp/mcu/s7g2/bsp_hw_locks.o
                0x00000578                g_lock_lookup_DRW_0U_0U
 .hw_lock_lookup.DTC_0U_0U
                0x0000057c        0x4 ./synergy/ssp/src/bsp/mcu/s7g2/bsp_hw_locks.o
                0x0000057c                g_lock_lookup_DTC_0U_0U
 .hw_lock_lookup.ELC_0U_0U
                0x00000580        0x4 ./synergy/ssp/src/bsp/mcu/s7g2/bsp_hw_locks.o
                0x00000580                g_lock_lookup_ELC_0U_0U
 .hw_lock_lookup.EPTPC_0U_0U
                0x00000584        0x4 ./synergy/ssp/src/bsp/mcu/s7g2/bsp_hw_locks.o
                0x00000584                g_lock_lookup_EPTPC_0U_0U
 .hw_lock_lookup.ETHER_0U_0U
                0x00000588        0x4 ./synergy/ssp/src/bsp/mcu/s7g2/bsp_hw_locks.o
                0x00000588                g_lock_lookup_ETHER_0U_0U
 .hw_lock_lookup.ETHER_0U_1U
                0x0000058c        0x4 ./synergy/ssp/src/bsp/mcu/s7g2/bsp_hw_locks.o
                0x0000058c                g_lock_lookup_ETHER_0U_1U
 .hw_lock_lookup.FCU_0U_0U
                0x00000590        0x4 ./synergy/ssp/src/bsp/mcu/s7g2/bsp_hw_locks.o
                0x00000590                g_lock_lookup_FCU_0U_0U
 .hw_lock_lookup.GLCDC_0U_0U
                0x00000594        0x4 ./synergy/ssp/src/bsp/mcu/s7g2/bsp_hw_locks.o
                0x00000594                g_lock_lookup_GLCDC_0U_0U
 .hw_lock_lookup.GPT_0U_0U
                0x00000598        0x4 ./synergy/ssp/src/bsp/mcu/s7g2/bsp_hw_locks.o
                0x00000598                g_lock_lookup_GPT_0U_0U
 .hw_lock_lookup.GPT_0U_10U
                0x0000059c        0x4 ./synergy/ssp/src/bsp/mcu/s7g2/bsp_hw_locks.o
                0x0000059c                g_lock_lookup_GPT_0U_10U
 .hw_lock_lookup.GPT_0U_11U
                0x000005a0        0x4 ./synergy/ssp/src/bsp/mcu/s7g2/bsp_hw_locks.o
                0x000005a0                g_lock_lookup_GPT_0U_11U
 .hw_lock_lookup.GPT_0U_12U
                0x000005a4        0x4 ./synergy/ssp/src/bsp/mcu/s7g2/bsp_hw_locks.o
                0x000005a4                g_lock_lookup_GPT_0U_12U
 .hw_lock_lookup.GPT_0U_13U
                0x000005a8        0x4 ./synergy/ssp/src/bsp/mcu/s7g2/bsp_hw_locks.o
                0x000005a8                g_lock_lookup_GPT_0U_13U
 .hw_lock_lookup.GPT_0U_1U
                0x000005ac        0x4 ./synergy/ssp/src/bsp/mcu/s7g2/bsp_hw_locks.o
                0x000005ac                g_lock_lookup_GPT_0U_1U
 .hw_lock_lookup.GPT_0U_2U
                0x000005b0        0x4 ./synergy/ssp/src/bsp/mcu/s7g2/bsp_hw_locks.o
                0x000005b0                g_lock_lookup_GPT_0U_2U
 .hw_lock_lookup.GPT_0U_3U
                0x000005b4        0x4 ./synergy/ssp/src/bsp/mcu/s7g2/bsp_hw_locks.o
                0x000005b4                g_lock_lookup_GPT_0U_3U
 .hw_lock_lookup.GPT_0U_4U
                0x000005b8        0x4 ./synergy/ssp/src/bsp/mcu/s7g2/bsp_hw_locks.o
                0x000005b8                g_lock_lookup_GPT_0U_4U
 .hw_lock_lookup.GPT_0U_5U
                0x000005bc        0x4 ./synergy/ssp/src/bsp/mcu/s7g2/bsp_hw_locks.o
                0x000005bc                g_lock_lookup_GPT_0U_5U
 .hw_lock_lookup.GPT_0U_6U
                0x000005c0        0x4 ./synergy/ssp/src/bsp/mcu/s7g2/bsp_hw_locks.o
                0x000005c0                g_lock_lookup_GPT_0U_6U
 .hw_lock_lookup.GPT_0U_7U
                0x000005c4        0x4 ./synergy/ssp/src/bsp/mcu/s7g2/bsp_hw_locks.o
                0x000005c4                g_lock_lookup_GPT_0U_7U
 .hw_lock_lookup.GPT_0U_8U
                0x000005c8        0x4 ./synergy/ssp/src/bsp/mcu/s7g2/bsp_hw_locks.o
                0x000005c8                g_lock_lookup_GPT_0U_8U
 .hw_lock_lookup.GPT_0U_9U
                0x000005cc        0x4 ./synergy/ssp/src/bsp/mcu/s7g2/bsp_hw_locks.o
                0x000005cc                g_lock_lookup_GPT_0U_9U
 .hw_lock_lookup.ICU_0U_0U
                0x000005d0        0x4 ./synergy/ssp/src/bsp/mcu/s7g2/bsp_hw_locks.o
                0x000005d0                g_lock_lookup_ICU_0U_0U
 .hw_lock_lookup.ICU_0U_10U
                0x000005d4        0x4 ./synergy/ssp/src/bsp/mcu/s7g2/bsp_hw_locks.o
                0x000005d4                g_lock_lookup_ICU_0U_10U
 .hw_lock_lookup.ICU_0U_11U
                0x000005d8        0x4 ./synergy/ssp/src/bsp/mcu/s7g2/bsp_hw_locks.o
                0x000005d8                g_lock_lookup_ICU_0U_11U
 .hw_lock_lookup.ICU_0U_12U
                0x000005dc        0x4 ./synergy/ssp/src/bsp/mcu/s7g2/bsp_hw_locks.o
                0x000005dc                g_lock_lookup_ICU_0U_12U
 .hw_lock_lookup.ICU_0U_13U
                0x000005e0        0x4 ./synergy/ssp/src/bsp/mcu/s7g2/bsp_hw_locks.o
                0x000005e0                g_lock_lookup_ICU_0U_13U
 .hw_lock_lookup.ICU_0U_14U
                0x000005e4        0x4 ./synergy/ssp/src/bsp/mcu/s7g2/bsp_hw_locks.o
                0x000005e4                g_lock_lookup_ICU_0U_14U
 .hw_lock_lookup.ICU_0U_15U
                0x000005e8        0x4 ./synergy/ssp/src/bsp/mcu/s7g2/bsp_hw_locks.o
                0x000005e8                g_lock_lookup_ICU_0U_15U
 .hw_lock_lookup.ICU_0U_1U
                0x000005ec        0x4 ./synergy/ssp/src/bsp/mcu/s7g2/bsp_hw_locks.o
                0x000005ec                g_lock_lookup_ICU_0U_1U
 .hw_lock_lookup.ICU_0U_2U
                0x000005f0        0x4 ./synergy/ssp/src/bsp/mcu/s7g2/bsp_hw_locks.o
                0x000005f0                g_lock_lookup_ICU_0U_2U
 .hw_lock_lookup.ICU_0U_3U
                0x000005f4        0x4 ./synergy/ssp/src/bsp/mcu/s7g2/bsp_hw_locks.o
                0x000005f4                g_lock_lookup_ICU_0U_3U
 .hw_lock_lookup.ICU_0U_4U
                0x000005f8        0x4 ./synergy/ssp/src/bsp/mcu/s7g2/bsp_hw_locks.o
                0x000005f8                g_lock_lookup_ICU_0U_4U
 .hw_lock_lookup.ICU_0U_5U
                0x000005fc        0x4 ./synergy/ssp/src/bsp/mcu/s7g2/bsp_hw_locks.o
                0x000005fc                g_lock_lookup_ICU_0U_5U
 .hw_lock_lookup.ICU_0U_6U
                0x00000600        0x4 ./synergy/ssp/src/bsp/mcu/s7g2/bsp_hw_locks.o
                0x00000600                g_lock_lookup_ICU_0U_6U
 .hw_lock_lookup.ICU_0U_7U
                0x00000604        0x4 ./synergy/ssp/src/bsp/mcu/s7g2/bsp_hw_locks.o
                0x00000604                g_lock_lookup_ICU_0U_7U
 .hw_lock_lookup.ICU_0U_8U
                0x00000608        0x4 ./synergy/ssp/src/bsp/mcu/s7g2/bsp_hw_locks.o
                0x00000608                g_lock_lookup_ICU_0U_8U
 .hw_lock_lookup.ICU_0U_9U
                0x0000060c        0x4 ./synergy/ssp/src/bsp/mcu/s7g2/bsp_hw_locks.o
                0x0000060c                g_lock_lookup_ICU_0U_9U
 .hw_lock_lookup.IIC_0U_0U
                0x00000610        0x4 ./synergy/ssp/src/bsp/mcu/s7g2/bsp_hw_locks.o
                0x00000610                g_lock_lookup_IIC_0U_0U
 .hw_lock_lookup.IIC_0U_1U
                0x00000614        0x4 ./synergy/ssp/src/bsp/mcu/s7g2/bsp_hw_locks.o
                0x00000614                g_lock_lookup_IIC_0U_1U
 .hw_lock_lookup.IIC_0U_2U
                0x00000618        0x4 ./synergy/ssp/src/bsp/mcu/s7g2/bsp_hw_locks.o
                0x00000618                g_lock_lookup_IIC_0U_2U
 .hw_lock_lookup.IRDA_0U_0U
                0x0000061c        0x4 ./synergy/ssp/src/bsp/mcu/s7g2/bsp_hw_locks.o
                0x0000061c                g_lock_lookup_IRDA_0U_0U
 .hw_lock_lookup.IWDT_0U_0U
                0x00000620        0x4 ./synergy/ssp/src/bsp/mcu/s7g2/bsp_hw_locks.o
                0x00000620                g_lock_lookup_IWDT_0U_0U
 .hw_lock_lookup.JPEG_0U_0U
                0x00000624        0x4 ./synergy/ssp/src/bsp/mcu/s7g2/bsp_hw_locks.o
                0x00000624                g_lock_lookup_JPEG_0U_0U
 .hw_lock_lookup.KEY_0U_0U
                0x00000628        0x4 ./synergy/ssp/src/bsp/mcu/s7g2/bsp_hw_locks.o
                0x00000628                g_lock_lookup_KEY_0U_0U
 .hw_lock_lookup.LPM_1U_0U
                0x0000062c        0x4 ./synergy/ssp/src/bsp/mcu/s7g2/bsp_hw_locks.o
                0x0000062c                g_lock_lookup_LPM_1U_0U
 .hw_lock_lookup.LVD_0U_0U
                0x00000630        0x4 ./synergy/ssp/src/bsp/mcu/s7g2/bsp_hw_locks.o
                0x00000630                g_lock_lookup_LVD_0U_0U
 .hw_lock_lookup.LVD_0U_1U
                0x00000634        0x4 ./synergy/ssp/src/bsp/mcu/s7g2/bsp_hw_locks.o
                0x00000634                g_lock_lookup_LVD_0U_1U
 .hw_lock_lookup.MMF_0U_0U
                0x00000638        0x4 ./synergy/ssp/src/bsp/mcu/s7g2/bsp_hw_locks.o
                0x00000638                g_lock_lookup_MMF_0U_0U
 .hw_lock_lookup.MPU_0U_0U
                0x0000063c        0x4 ./synergy/ssp/src/bsp/mcu/s7g2/bsp_hw_locks.o
                0x0000063c                g_lock_lookup_MPU_0U_0U
 .hw_lock_lookup.OPS_0U_0U
                0x00000640        0x4 ./synergy/ssp/src/bsp/mcu/s7g2/bsp_hw_locks.o
                0x00000640                g_lock_lookup_OPS_0U_0U
 .hw_lock_lookup.PDC_0U_0U
                0x00000644        0x4 ./synergy/ssp/src/bsp/mcu/s7g2/bsp_hw_locks.o
                0x00000644                g_lock_lookup_PDC_0U_0U
 .hw_lock_lookup.POEG_0U_0U
                0x00000648        0x4 ./synergy/ssp/src/bsp/mcu/s7g2/bsp_hw_locks.o
                0x00000648                g_lock_lookup_POEG_0U_0U
 .hw_lock_lookup.POEG_0U_1U
                0x0000064c        0x4 ./synergy/ssp/src/bsp/mcu/s7g2/bsp_hw_locks.o
                0x0000064c                g_lock_lookup_POEG_0U_1U
 .hw_lock_lookup.POEG_0U_2U
                0x00000650        0x4 ./synergy/ssp/src/bsp/mcu/s7g2/bsp_hw_locks.o
                0x00000650                g_lock_lookup_POEG_0U_2U
 .hw_lock_lookup.POEG_0U_3U
                0x00000654        0x4 ./synergy/ssp/src/bsp/mcu/s7g2/bsp_hw_locks.o
                0x00000654                g_lock_lookup_POEG_0U_3U
 .hw_lock_lookup.QSPI_0U_0U
                0x00000658        0x4 ./synergy/ssp/src/bsp/mcu/s7g2/bsp_hw_locks.o
                0x00000658                g_lock_lookup_QSPI_0U_0U
 .hw_lock_lookup.RTC_0U_0U
                0x0000065c        0x4 ./synergy/ssp/src/bsp/mcu/s7g2/bsp_hw_locks.o
                0x0000065c                g_lock_lookup_RTC_0U_0U
 .hw_lock_lookup.SCE_0U_0U
                0x00000660        0x4 ./synergy/ssp/src/bsp/mcu/s7g2/bsp_hw_locks.o
                0x00000660                g_lock_lookup_SCE_0U_0U
 .hw_lock_lookup.SCI_0U_0U
                0x00000664        0x4 ./synergy/ssp/src/bsp/mcu/s7g2/bsp_hw_locks.o
                0x00000664                g_lock_lookup_SCI_0U_0U
 .hw_lock_lookup.SCI_0U_1U
                0x00000668        0x4 ./synergy/ssp/src/bsp/mcu/s7g2/bsp_hw_locks.o
                0x00000668                g_lock_lookup_SCI_0U_1U
 .hw_lock_lookup.SCI_0U_2U
                0x0000066c        0x4 ./synergy/ssp/src/bsp/mcu/s7g2/bsp_hw_locks.o
                0x0000066c                g_lock_lookup_SCI_0U_2U
 .hw_lock_lookup.SCI_0U_3U
                0x00000670        0x4 ./synergy/ssp/src/bsp/mcu/s7g2/bsp_hw_locks.o
                0x00000670                g_lock_lookup_SCI_0U_3U
 .hw_lock_lookup.SCI_0U_4U
                0x00000674        0x4 ./synergy/ssp/src/bsp/mcu/s7g2/bsp_hw_locks.o
                0x00000674                g_lock_lookup_SCI_0U_4U
 .hw_lock_lookup.SCI_0U_5U
                0x00000678        0x4 ./synergy/ssp/src/bsp/mcu/s7g2/bsp_hw_locks.o
                0x00000678                g_lock_lookup_SCI_0U_5U
 .hw_lock_lookup.SCI_0U_6U
                0x0000067c        0x4 ./synergy/ssp/src/bsp/mcu/s7g2/bsp_hw_locks.o
                0x0000067c                g_lock_lookup_SCI_0U_6U
 .hw_lock_lookup.SCI_0U_7U
                0x00000680        0x4 ./synergy/ssp/src/bsp/mcu/s7g2/bsp_hw_locks.o
                0x00000680                g_lock_lookup_SCI_0U_7U
 .hw_lock_lookup.SCI_0U_8U
                0x00000684        0x4 ./synergy/ssp/src/bsp/mcu/s7g2/bsp_hw_locks.o
                0x00000684                g_lock_lookup_SCI_0U_8U
 .hw_lock_lookup.SCI_0U_9U
                0x00000688        0x4 ./synergy/ssp/src/bsp/mcu/s7g2/bsp_hw_locks.o
                0x00000688                g_lock_lookup_SCI_0U_9U
 .hw_lock_lookup.SDHIMMC_0U_0U
                0x0000068c        0x4 ./synergy/ssp/src/bsp/mcu/s7g2/bsp_hw_locks.o
                0x0000068c                g_lock_lookup_SDHIMMC_0U_0U
 .hw_lock_lookup.SDHIMMC_0U_1U
                0x00000690        0x4 ./synergy/ssp/src/bsp/mcu/s7g2/bsp_hw_locks.o
                0x00000690                g_lock_lookup_SDHIMMC_0U_1U
 .hw_lock_lookup.SPI_0U_0U
                0x00000694        0x4 ./synergy/ssp/src/bsp/mcu/s7g2/bsp_hw_locks.o
                0x00000694                g_lock_lookup_SPI_0U_0U
 .hw_lock_lookup.SPI_0U_1U
                0x00000698        0x4 ./synergy/ssp/src/bsp/mcu/s7g2/bsp_hw_locks.o
                0x00000698                g_lock_lookup_SPI_0U_1U
 .hw_lock_lookup.SRC_0U_0U
                0x0000069c        0x4 ./synergy/ssp/src/bsp/mcu/s7g2/bsp_hw_locks.o
                0x0000069c                g_lock_lookup_SRC_0U_0U
 .hw_lock_lookup.SSI_0U_0U
                0x000006a0        0x4 ./synergy/ssp/src/bsp/mcu/s7g2/bsp_hw_locks.o
                0x000006a0                g_lock_lookup_SSI_0U_0U
 .hw_lock_lookup.SSI_0U_1U
                0x000006a4        0x4 ./synergy/ssp/src/bsp/mcu/s7g2/bsp_hw_locks.o
                0x000006a4                g_lock_lookup_SSI_0U_1U
 .hw_lock_lookup.TSN_0U_0U
                0x000006a8        0x4 ./synergy/ssp/src/bsp/mcu/s7g2/bsp_hw_locks.o
                0x000006a8                g_lock_lookup_TSN_0U_0U
 .hw_lock_lookup.USB_0U_0U
                0x000006ac        0x4 ./synergy/ssp/src/bsp/mcu/s7g2/bsp_hw_locks.o
                0x000006ac                g_lock_lookup_USB_0U_0U
 .hw_lock_lookup.USB_1U_0U
                0x000006b0        0x4 ./synergy/ssp/src/bsp/mcu/s7g2/bsp_hw_locks.o
                0x000006b0                g_lock_lookup_USB_1U_0U
 .hw_lock_lookup.WDT_0U_0U
                0x000006b4        0x4 ./synergy/ssp/src/bsp/mcu/s7g2/bsp_hw_locks.o
                0x000006b4                g_lock_lookup_WDT_0U_0U
                0x000006b8                __Lock_Lookup_End = .
 *(.text*)
 .text          0x000006b8       0x40 c:/program files (x86)/gnu tools arm embedded/7 2017-q4-major/bin/../lib/gcc/arm-none-eabi/7.2.1/thumb/v7e-m/fpv4-sp/hard/crtbegin.o
 .text.R_IOPORT_PinRead
                0x000006f8       0x4c ./synergy/ssp/src/driver/r_ioport/r_ioport.o
                0x000006f8                R_IOPORT_PinRead
 .text.R_IOPORT_PortRead
                0x00000744       0x28 ./synergy/ssp/src/driver/r_ioport/r_ioport.o
                0x00000744                R_IOPORT_PortRead
 .text.R_IOPORT_PortEventInputRead
                0x0000076c       0x28 ./synergy/ssp/src/driver/r_ioport/r_ioport.o
                0x0000076c                R_IOPORT_PortEventInputRead
 .text.R_IOPORT_PinEventInputRead
                0x00000794       0x54 ./synergy/ssp/src/driver/r_ioport/r_ioport.o
                0x00000794                R_IOPORT_PinEventInputRead
 .text.R_IOPORT_PortEventOutputWrite
                0x000007e8       0x38 ./synergy/ssp/src/driver/r_ioport/r_ioport.o
                0x000007e8                R_IOPORT_PortEventOutputWrite
 .text.R_IOPORT_PinEventOutputWrite
                0x00000820       0x58 ./synergy/ssp/src/driver/r_ioport/r_ioport.o
                0x00000820                R_IOPORT_PinEventOutputWrite
 .text.R_IOPORT_VersionGet
                0x00000878       0x14 ./synergy/ssp/src/driver/r_ioport/r_ioport.o
                0x00000878                R_IOPORT_VersionGet
 .text.R_IOPORT_PinWrite
                0x0000088c       0x54 ./synergy/ssp/src/driver/r_ioport/r_ioport.o
                0x0000088c                R_IOPORT_PinWrite
 .text.R_IOPORT_PinDirectionSet
                0x000008e0       0xd0 ./synergy/ssp/src/driver/r_ioport/r_ioport.o
                0x000008e0                R_IOPORT_PinDirectionSet
 .text.R_IOPORT_PortWrite
                0x000009b0       0x38 ./synergy/ssp/src/driver/r_ioport/r_ioport.o
                0x000009b0                R_IOPORT_PortWrite
 .text.R_IOPORT_PortDirectionSet
                0x000009e8       0x40 ./synergy/ssp/src/driver/r_ioport/r_ioport.o
                0x000009e8                R_IOPORT_PortDirectionSet
 .text.bsp_vbatt_init.isra.4
                0x00000a28       0x8c ./synergy/ssp/src/driver/r_ioport/r_ioport.o
 .text.R_IOPORT_EthernetModeCfg
                0x00000ab4       0x54 ./synergy/ssp/src/driver/r_ioport/r_ioport.o
                0x00000ab4                R_IOPORT_EthernetModeCfg
 .text.R_IOPORT_PinsCfg.part.5
                0x00000b08       0xc0 ./synergy/ssp/src/driver/r_ioport/r_ioport.o
 .text.R_IOPORT_PinsCfg
                0x00000bc8       0x10 ./synergy/ssp/src/driver/r_ioport/r_ioport.o
                0x00000bc8                R_IOPORT_PinsCfg
 .text.R_IOPORT_Init
                0x00000bd8       0x88 ./synergy/ssp/src/driver/r_ioport/r_ioport.o
                0x00000bd8                R_IOPORT_Init
 .text.R_IOPORT_PinCfg
                0x00000c60       0xcc ./synergy/ssp/src/driver/r_ioport/r_ioport.o
                0x00000c60                R_IOPORT_PinCfg
 .text.R_ICU_ExternalIrqTriggerSet
                0x00000d2c       0x2c ./synergy/ssp/src/driver/r_icu/r_icu.o
                0x00000d2c                R_ICU_ExternalIrqTriggerSet
 .text.R_ICU_ExternalIrqFilterEnable
                0x00000d58       0x28 ./synergy/ssp/src/driver/r_icu/r_icu.o
                0x00000d58                R_ICU_ExternalIrqFilterEnable
 .text.R_ICU_ExternalIrqFilterDisable
                0x00000d80       0x28 ./synergy/ssp/src/driver/r_icu/r_icu.o
                0x00000d80                R_ICU_ExternalIrqFilterDisable
 .text.R_ICU_ExternalIrqVersionGet
                0x00000da8       0x14 ./synergy/ssp/src/driver/r_icu/r_icu.o
                0x00000da8                R_ICU_ExternalIrqVersionGet
 .text.R_ICU_ExternalIrqDisable
                0x00000dbc       0x74 ./synergy/ssp/src/driver/r_icu/r_icu.o
                0x00000dbc                R_ICU_ExternalIrqDisable
 .text.R_ICU_ExternalIrqClose
                0x00000e30       0x9c ./synergy/ssp/src/driver/r_icu/r_icu.o
                0x00000e30                R_ICU_ExternalIrqClose
 .text.R_ICU_ExternalIrqEnable
                0x00000ecc       0x5c ./synergy/ssp/src/driver/r_icu/r_icu.o
                0x00000ecc                R_ICU_ExternalIrqEnable
 .text.icu_irq_isr
                0x00000f28       0x44 ./synergy/ssp/src/driver/r_icu/r_icu.o
                0x00000f28                icu_irq_isr
 .text.r_icu_externalIRQ_initialize_interrupt
                0x00000f6c       0x98 ./synergy/ssp/src/driver/r_icu/r_icu.o
                0x00000f6c                r_icu_externalIRQ_initialize_interrupt
 .text.R_ICU_ExternalIrqOpen
                0x00001004       0xc8 ./synergy/ssp/src/driver/r_icu/r_icu.o
                0x00001004                R_ICU_ExternalIrqOpen
 .text.R_GPT_Stop
                0x000010cc       0x28 ./synergy/ssp/src/driver/r_gpt/r_gpt.o
                0x000010cc                R_GPT_Stop
 .text.R_GPT_Start
                0x000010f4       0x28 ./synergy/ssp/src/driver/r_gpt/r_gpt.o
                0x000010f4                R_GPT_Start
 .text.R_GPT_VersionGet
                0x0000111c       0x14 ./synergy/ssp/src/driver/r_gpt/r_gpt.o
                0x0000111c                R_GPT_VersionGet
 .text.gpt_period_to_pclk
                0x00001130      0x108 ./synergy/ssp/src/driver/r_gpt/r_gpt.o
 .text.gpt_duty_cycle_to_pclk
                0x00001238       0x80 ./synergy/ssp/src/driver/r_gpt/r_gpt.o
 .text.R_GPT_Close
                0x000012b8       0xa0 ./synergy/ssp/src/driver/r_gpt/r_gpt.o
                0x000012b8                R_GPT_Close
 .text.R_GPT_CounterGet
                0x00001358       0x24 ./synergy/ssp/src/driver/r_gpt/r_gpt.o
                0x00001358                R_GPT_CounterGet
 .text.R_GPT_Reset
                0x0000137c       0x48 ./synergy/ssp/src/driver/r_gpt/r_gpt.o
                0x0000137c                R_GPT_Reset
 .text.R_GPT_PeriodSet
                0x000013c4       0x74 ./synergy/ssp/src/driver/r_gpt/r_gpt.o
                0x000013c4                R_GPT_PeriodSet
 .text.R_GPT_DutyCycleSet
                0x00001438       0x98 ./synergy/ssp/src/driver/r_gpt/r_gpt.o
                0x00001438                R_GPT_DutyCycleSet
 .text.R_GPT_InfoGet
                0x000014d0       0x98 ./synergy/ssp/src/driver/r_gpt/r_gpt.o
                0x000014d0                R_GPT_InfoGet
 .text.R_GPT_TimerOpen
                0x00001568      0x464 ./synergy/ssp/src/driver/r_gpt/r_gpt.o
                0x00001568                R_GPT_TimerOpen
 .text.R_FMI_ProductInfoGet
                0x000019cc       0x28 ./synergy/ssp/src/driver/r_fmi/r_fmi.o
 .text.R_FMI_UniqueIdGet
                0x000019f4       0x30 ./synergy/ssp/src/driver/r_fmi/r_fmi.o
 .text.R_FMI_VersionGet
                0x00001a24       0x14 ./synergy/ssp/src/driver/r_fmi/r_fmi.o
 .text.R_FMI_EventInfoGet
                0x00001a38       0x6c ./synergy/ssp/src/driver/r_fmi/r_fmi.o
 .text.R_FMI_Init
                0x00001aa4       0xb4 ./synergy/ssp/src/driver/r_fmi/r_fmi.o
 .text.R_FMI_FeatureGet
                0x00001b58      0x234 ./synergy/ssp/src/driver/r_fmi/r_fmi.o
 .text.R_ELC_LinkSet
                0x00001d8c       0x14 ./synergy/ssp/src/driver/r_elc/r_elc.o
                0x00001d8c                R_ELC_LinkSet
 .text.R_ELC_LinkBreak
                0x00001da0       0x14 ./synergy/ssp/src/driver/r_elc/r_elc.o
                0x00001da0                R_ELC_LinkBreak
 .text.R_ELC_Enable
                0x00001db4       0x14 ./synergy/ssp/src/driver/r_elc/r_elc.o
                0x00001db4                R_ELC_Enable
 .text.R_ELC_Disable
                0x00001dc8       0x14 ./synergy/ssp/src/driver/r_elc/r_elc.o
                0x00001dc8                R_ELC_Disable
 .text.R_ELC_VersionGet
                0x00001ddc       0x14 ./synergy/ssp/src/driver/r_elc/r_elc.o
                0x00001ddc                R_ELC_VersionGet
 .text.R_ELC_SoftwareEventGenerate
                0x00001df0       0x30 ./synergy/ssp/src/driver/r_elc/r_elc.o
                0x00001df0                R_ELC_SoftwareEventGenerate
 .text.R_ELC_Init
                0x00001e20       0x7c ./synergy/ssp/src/driver/r_elc/r_elc.o
                0x00001e20                R_ELC_Init
 .text.R_CGC_LCDClockCfg
                0x00001e9c        0x4 ./synergy/ssp/src/driver/r_cgc/r_cgc.o
                0x00001e9c                R_CGC_LCDClockCfg
 .text.R_CGC_LCDClockEnable
                0x00001ea0        0x4 ./synergy/ssp/src/driver/r_cgc/r_cgc.o
                0x00001ea0                R_CGC_LCDClockEnable
 .text.R_CGC_VersionGet
                0x00001ea4       0x14 ./synergy/ssp/src/driver/r_cgc/r_cgc.o
                0x00001ea4                R_CGC_VersionGet
 .text.r_cgc_init_pllfreq
                0x00001eb8       0xd8 ./synergy/ssp/src/driver/r_cgc/r_cgc.o
 .text.R_CGC_SystemClockFreqGet
                0x00001f90       0xb4 ./synergy/ssp/src/driver/r_cgc/r_cgc.o
                0x00001f90                R_CGC_SystemClockFreqGet
 .text.r_cgc_system_dividers_set
                0x00002044       0x44 ./synergy/ssp/src/driver/r_cgc/r_cgc.o
 .text.R_CGC_OscStopStatusClear
                0x00002088       0x64 ./synergy/ssp/src/driver/r_cgc/r_cgc.o
                0x00002088                R_CGC_OscStopStatusClear
 .text.R_CGC_BusClockOutCfg
                0x000020ec       0x28 ./synergy/ssp/src/driver/r_cgc/r_cgc.o
                0x000020ec                R_CGC_BusClockOutCfg
 .text.R_CGC_BusClockOutEnable
                0x00002114       0x28 ./synergy/ssp/src/driver/r_cgc/r_cgc.o
                0x00002114                R_CGC_BusClockOutEnable
 .text.R_CGC_BusClockOutDisable
                0x0000213c       0x28 ./synergy/ssp/src/driver/r_cgc/r_cgc.o
                0x0000213c                R_CGC_BusClockOutDisable
 .text.R_CGC_ClockOutEnable
                0x00002164       0x28 ./synergy/ssp/src/driver/r_cgc/r_cgc.o
                0x00002164                R_CGC_ClockOutEnable
 .text.R_CGC_ClockOutDisable
                0x0000218c       0x28 ./synergy/ssp/src/driver/r_cgc/r_cgc.o
                0x0000218c                R_CGC_ClockOutDisable
 .text.R_CGC_SDRAMClockOutEnable
                0x000021b4       0x28 ./synergy/ssp/src/driver/r_cgc/r_cgc.o
                0x000021b4                R_CGC_SDRAMClockOutEnable
 .text.R_CGC_SDRAMClockOutDisable
                0x000021dc       0x28 ./synergy/ssp/src/driver/r_cgc/r_cgc.o
                0x000021dc                R_CGC_SDRAMClockOutDisable
 .text.R_CGC_USBClockCfg
                0x00002204       0x28 ./synergy/ssp/src/driver/r_cgc/r_cgc.o
                0x00002204                R_CGC_USBClockCfg
 .text.r_cgc_check_dividers
                0x0000222c       0x34 ./synergy/ssp/src/driver/r_cgc/r_cgc.o
 .text.R_CGC_SystickUpdate
                0x00002260       0x98 ./synergy/ssp/src/driver/r_cgc/r_cgc.o
                0x00002260                R_CGC_SystickUpdate
 .text.R_CGC_ClockOutCfg
                0x000022f8       0x5c ./synergy/ssp/src/driver/r_cgc/r_cgc.o
                0x000022f8                R_CGC_ClockOutCfg
 .text.R_CGC_OscStopDetect
                0x00002354      0x118 ./synergy/ssp/src/driver/r_cgc/r_cgc.o
                0x00002354                R_CGC_OscStopDetect
 .text.r_cgc_subclock_drive_set.constprop.16
                0x0000246c       0x34 ./synergy/ssp/src/driver/r_cgc/r_cgc.o
 .text.R_CGC_SDADCClockCfg
                0x000024a0        0x4 ./synergy/ssp/src/driver/r_cgc/r_cgc.o
                0x000024a0                R_CGC_SDADCClockCfg
 .text.R_CGC_SDADCClockEnable
                0x000024a4        0x4 ./synergy/ssp/src/driver/r_cgc/r_cgc.o
                0x000024a4                R_CGC_SDADCClockEnable
 .text.R_CGC_LCDClockDisable
                0x000024a8        0x4 ./synergy/ssp/src/driver/r_cgc/r_cgc.o
                0x000024a8                R_CGC_LCDClockDisable
 .text.R_CGC_SDADCClockDisable
                0x000024ac        0x4 ./synergy/ssp/src/driver/r_cgc/r_cgc.o
                0x000024ac                R_CGC_SDADCClockDisable
 .text.R_CGC_SystemClockGet
                0x000024b0       0x58 ./synergy/ssp/src/driver/r_cgc/r_cgc.o
                0x000024b0                R_CGC_SystemClockGet
 .text.r_cgc_clock_run_state_get
                0x00002508       0x68 ./synergy/ssp/src/driver/r_cgc/r_cgc.o
                0x00002508                r_cgc_clock_run_state_get
 .text.r_cgc_wait_to_complete
                0x00002570       0x44 ./synergy/ssp/src/driver/r_cgc/r_cgc.o
 .text.R_CGC_Init
                0x000025b4       0xe0 ./synergy/ssp/src/driver/r_cgc/r_cgc.o
                0x000025b4                R_CGC_Init
 .text.R_CGC_ClockStop
                0x00002694      0x154 ./synergy/ssp/src/driver/r_cgc/r_cgc.o
                0x00002694                R_CGC_ClockStop
 .text.R_CGC_ClockCheck
                0x000027e8       0x8c ./synergy/ssp/src/driver/r_cgc/r_cgc.o
                0x000027e8                R_CGC_ClockCheck
 .text.r_cgc_stabilization_wait
                0x00002874       0x30 ./synergy/ssp/src/driver/r_cgc/r_cgc.o
 .text.r_cgc_operating_hw_modeset
                0x000028a4       0xfc ./synergy/ssp/src/driver/r_cgc/r_cgc.o
                0x000028a4                r_cgc_operating_hw_modeset
 .text.r_cgc_operating_mode_set
                0x000029a0       0x50 ./synergy/ssp/src/driver/r_cgc/r_cgc.o
 .text.R_CGC_ClockStart
                0x000029f0      0x358 ./synergy/ssp/src/driver/r_cgc/r_cgc.o
                0x000029f0                R_CGC_ClockStart
 .text.r_cgc_clock_start_stop
                0x00002d48       0x54 ./synergy/ssp/src/driver/r_cgc/r_cgc.o
 .text.R_CGC_SystemClockSet
                0x00002d9c      0x1b4 ./synergy/ssp/src/driver/r_cgc/r_cgc.o
                0x00002d9c                R_CGC_SystemClockSet
 .text.R_CGC_ClocksCfg
                0x00002f50      0x14c ./synergy/ssp/src/driver/r_cgc/r_cgc.o
                0x00002f50                R_CGC_ClocksCfg
 .text.R_BSP_CacheOff
                0x0000309c       0x28 ./synergy/ssp/src/bsp/mcu/s7g2/bsp_cache.o
                0x0000309c                R_BSP_CacheOff
 .text.R_BSP_CacheSet
                0x000030c4       0x48 ./synergy/ssp/src/bsp/mcu/s7g2/bsp_cache.o
                0x000030c4                R_BSP_CacheSet
 .text.bsp_clock_init
                0x0000310c       0xa0 ./synergy/ssp/src/bsp/mcu/s7g2/bsp_clocks.o
                0x0000310c                bsp_clock_init
 .text.bsp_cpu_clock_get
                0x000031ac       0x20 ./synergy/ssp/src/bsp/mcu/s7g2/bsp_clocks.o
                0x000031ac                bsp_cpu_clock_get
 .text.bsp_clock_set_callback
                0x000031cc      0x138 ./synergy/ssp/src/bsp/mcu/s7g2/bsp_clocks.o
                0x000031cc                bsp_clock_set_callback
 .text.R_BSP_FeatureIoportGet
                0x00003304        0xc ./synergy/ssp/src/bsp/mcu/s7g2/bsp_feature.o
                0x00003304                R_BSP_FeatureIoportGet
 .text.R_BSP_FeatureCgcGet
                0x00003310        0xc ./synergy/ssp/src/bsp/mcu/s7g2/bsp_feature.o
                0x00003310                R_BSP_FeatureCgcGet
 .text.bsp_group_interrupt_open
                0x0000331c       0x18 ./synergy/ssp/src/bsp/mcu/s7g2/bsp_group_irq.o
                0x0000331c                bsp_group_interrupt_open
 .text.R_BSP_GroupIrqWrite
                0x00003334       0x10 ./synergy/ssp/src/bsp/mcu/s7g2/bsp_group_irq.o
                0x00003334                R_BSP_GroupIrqWrite
 .text.NMI_Handler
                0x00003344      0x1c8 ./synergy/ssp/src/bsp/mcu/s7g2/bsp_group_irq.o
                0x00003344                NMI_Handler
 .text.r_bsp_get_mstp_mask
                0x0000350c       0x4c ./synergy/ssp/src/bsp/mcu/s7g2/bsp_module_stop.o
 .text.r_bsp_module_start_stop
                0x00003558       0x6c ./synergy/ssp/src/bsp/mcu/s7g2/bsp_module_stop.o
 .text.R_BSP_ModuleStart
                0x000035c4        0x8 ./synergy/ssp/src/bsp/mcu/s7g2/bsp_module_stop.o
                0x000035c4                R_BSP_ModuleStart
 .text.R_BSP_LedsGet
                0x000035cc       0x20 ./synergy/ssp/src/bsp/mcu/all/bsp_common_leds.o
                0x000035cc                R_BSP_LedsGet
 .text.software_delay_loop
                0x000035ec        0xc ./synergy/ssp/src/bsp/mcu/all/bsp_delay.o
 .text.R_BSP_SoftwareDelay
                0x000035f8       0x60 ./synergy/ssp/src/bsp/mcu/all/bsp_delay.o
                0x000035f8                R_BSP_SoftwareDelay
 .text.R_BSP_IrqStatusClear
                0x00003658       0x18 ./synergy/ssp/src/bsp/mcu/all/bsp_irq.o
                0x00003658                R_BSP_IrqStatusClear
 .text.bsp_irq_cfg
                0x00003670       0x40 ./synergy/ssp/src/bsp/mcu/all/bsp_irq.o
                0x00003670                bsp_irq_cfg
 .text.R_BSP_HardwareLock
                0x000036b0       0x68 ./synergy/ssp/src/bsp/mcu/all/bsp_locking.o
                0x000036b0                R_BSP_HardwareLock
 .text.R_BSP_HardwareUnlock
                0x00003718       0x4c ./synergy/ssp/src/bsp/mcu/all/bsp_locking.o
                0x00003718                R_BSP_HardwareUnlock
 .text.bsp_init_hardware_locks
                0x00003764       0x68 ./synergy/ssp/src/bsp/mcu/all/bsp_locking.o
                0x00003764                bsp_init_hardware_locks
 .text.R_BSP_RegisterProtectEnable
                0x000037cc       0x60 ./synergy/ssp/src/bsp/mcu/all/bsp_register_protection.o
                0x000037cc                R_BSP_RegisterProtectEnable
 .text.R_BSP_RegisterProtectDisable
                0x0000382c       0x4c ./synergy/ssp/src/bsp/mcu/all/bsp_register_protection.o
                0x0000382c                R_BSP_RegisterProtectDisable
 .text.bsp_register_protect_open
                0x00003878       0x10 ./synergy/ssp/src/bsp/mcu/all/bsp_register_protection.o
                0x00003878                bsp_register_protect_open
 .text.Default_Handler
                0x00003888        0x4 ./synergy/ssp/src/bsp/cmsis/Device/RENESAS/S7G2/Source/startup_S7G2.o
                0x00003888                DebugMon_Handler
                0x00003888                HardFault_Handler
                0x00003888                SysTick_Handler
                0x00003888                PendSV_Handler
                0x00003888                UsageFault_Handler
                0x00003888                Default_Handler
                0x00003888                MemManage_Handler
                0x00003888                SVC_Handler
                0x00003888                BusFault_Handler
 .text.Reset_Handler
                0x0000388c        0xc ./synergy/ssp/src/bsp/cmsis/Device/RENESAS/S7G2/Source/startup_S7G2.o
                0x0000388c                Reset_Handler
 .text.R_BSP_WarmStart
                0x00003898        0x4 ./synergy/ssp/src/bsp/cmsis/Device/RENESAS/S7G2/Source/system_S7G2.o
                0x00003898                R_BSP_WarmStart
 .text.SystemInit
                0x0000389c       0xe0 ./synergy/ssp/src/bsp/cmsis/Device/RENESAS/S7G2/Source/system_S7G2.o
                0x0000389c                SystemInit
 .text.bsp_init
                0x0000397c        0x4 ./synergy/board/s7g2_sk/bsp_init.o
                0x0000397c                bsp_init
 .text.bsp_qspi_xip_mode
                0x00003980       0x80 ./synergy/board/s7g2_sk/bsp_qspi.o
 .text.bsp_qspi_init
                0x00003a00      0x138 ./synergy/board/s7g2_sk/bsp_qspi.o
                0x00003a00                bsp_qspi_init
 .text.startup.main
                0x00003b38        0xc ./src/synergy_gen/main.o
                0x00003b38                main
 *fill*         0x00003b44        0x4 ff
 .text.hal_entry
                0x00003b48       0x90 ./src/hal_entry.o
                0x00003b48                hal_entry
 .text.button_callback_SW5
                0x00003bd8       0x40 ./src/hal_entry.o
                0x00003bd8                button_callback_SW5
 .text          0x00003c18      0x378 c:/program files (x86)/gnu tools arm embedded/7 2017-q4-major/bin/../lib/gcc/arm-none-eabi/7.2.1/thumb/v7e-m/fpv4-sp/hard\libgcc.a(_arm_addsubdf3.o)
                0x00003c18                __aeabi_drsub
                0x00003c20                __aeabi_dsub
                0x00003c20                __subdf3
                0x00003c24                __aeabi_dadd
                0x00003c24                __adddf3
                0x00003e9c                __floatunsidf
                0x00003e9c                __aeabi_ui2d
                0x00003ebc                __floatsidf
                0x00003ebc                __aeabi_i2d
                0x00003ee0                __aeabi_f2d
                0x00003ee0                __extendsfdf2
                0x00003f24                __floatundidf
                0x00003f24                __aeabi_ul2d
                0x00003f34                __floatdidf
                0x00003f34                __aeabi_l2d
 .text          0x00003f90      0x110 c:/program files (x86)/gnu tools arm embedded/7 2017-q4-major/bin/../lib/gcc/arm-none-eabi/7.2.1/thumb/v7e-m/fpv4-sp/hard\libgcc.a(_arm_cmpdf2.o)
                0x00003f90                __gtdf2
                0x00003f90                __gedf2
                0x00003f98                __ltdf2
                0x00003f98                __ledf2
                0x00003fa0                __nedf2
                0x00003fa0                __eqdf2
                0x00003fa0                __cmpdf2
                0x0000401c                __aeabi_cdrcmple
                0x0000402c                __aeabi_cdcmpeq
                0x0000402c                __aeabi_cdcmple
                0x0000403c                __aeabi_dcmpeq
                0x00004050                __aeabi_dcmplt
                0x00004064                __aeabi_dcmple
                0x00004078                __aeabi_dcmpge
                0x0000408c                __aeabi_dcmpgt
 .text          0x000040a0       0x30 c:/program files (x86)/gnu tools arm embedded/7 2017-q4-major/bin/../lib/gcc/arm-none-eabi/7.2.1/thumb/v7e-m/fpv4-sp/hard\libgcc.a(_aeabi_uldivmod.o)
                0x000040a0                __aeabi_uldivmod
 .text          0x000040d0      0x2cc c:/program files (x86)/gnu tools arm embedded/7 2017-q4-major/bin/../lib/gcc/arm-none-eabi/7.2.1/thumb/v7e-m/fpv4-sp/hard\libgcc.a(_udivmoddi4.o)
                0x000040d0                __udivmoddi4
 .text          0x0000439c        0x4 c:/program files (x86)/gnu tools arm embedded/7 2017-q4-major/bin/../lib/gcc/arm-none-eabi/7.2.1/thumb/v7e-m/fpv4-sp/hard\libgcc.a(_dvmd_tls.o)
                0x0000439c                __aeabi_idiv0
                0x0000439c                __aeabi_ldiv0
 *(.version)
 .version       0x000043a0       0x60 ./synergy/ssp/src/bsp/mcu/all/bsp_common.o
 *(.init)
 .init          0x00004400        0x4 c:/program files (x86)/gnu tools arm embedded/7 2017-q4-major/bin/../lib/gcc/arm-none-eabi/7.2.1/thumb/v7e-m/fpv4-sp/hard/crti.o
                0x00004400                _init
 .init          0x00004404        0x8 c:/program files (x86)/gnu tools arm embedded/7 2017-q4-major/bin/../lib/gcc/arm-none-eabi/7.2.1/thumb/v7e-m/fpv4-sp/hard/crtn.o
 *(.fini)
 .fini          0x0000440c        0x4 c:/program files (x86)/gnu tools arm embedded/7 2017-q4-major/bin/../lib/gcc/arm-none-eabi/7.2.1/thumb/v7e-m/fpv4-sp/hard/crti.o
                0x0000440c                _fini
 .fini          0x00004410        0x8 c:/program files (x86)/gnu tools arm embedded/7 2017-q4-major/bin/../lib/gcc/arm-none-eabi/7.2.1/thumb/v7e-m/fpv4-sp/hard/crtn.o
 *crtbegin.o(.ctors)
 *crtbegin?.o(.ctors)
 *(EXCLUDE_FILE(*crtend.o *crtend?.o) .ctors)
 *(SORT_BY_NAME(.ctors.*))
 *(.ctors)
 *crtbegin.o(.dtors)
 *crtbegin?.o(.dtors)
 *(EXCLUDE_FILE(*crtend.o *crtend?.o) .dtors)
 *(SORT_BY_NAME(.dtors.*))
 *(.dtors)
 *(.rodata*)
 .rodata.g_ioport_on_ioport
                0x00004418       0x3c ./synergy/ssp/src/driver/r_ioport/r_ioport.o
                0x00004418                g_ioport_on_ioport
 .rodata.g_vbatt_pins_input
                0x00004454        0x6 ./synergy/ssp/src/driver/r_ioport/r_ioport.o
 *fill*         0x0000445a        0x2 ff
 .rodata.g_external_irq_on_icu
                0x0000445c       0x20 ./synergy/ssp/src/driver/r_icu/r_icu.o
                0x0000445c                g_external_irq_on_icu
 .rodata.g_icu_version
                0x0000447c        0x4 ./synergy/ssp/src/driver/r_icu/r_icu.o
 .rodata.g_gpt_version
                0x00004480        0x4 ./synergy/ssp/src/driver/r_gpt/r_gpt.o
 .rodata.g_timer_on_gpt
                0x00004484       0x28 ./synergy/ssp/src/driver/r_gpt/r_gpt.o
                0x00004484                g_timer_on_gpt
 .rodata.bit_count
                0x000044ac       0x80 ./synergy/ssp/src/driver/r_fmi/r_fmi.o
 .rodata.bit_count_mask
                0x0000452c        0x8 ./synergy/ssp/src/driver/r_fmi/r_fmi.o
 .rodata.g_fmi_on_fmi
                0x00004534       0x18 ./synergy/ssp/src/driver/r_fmi/r_fmi.o
                0x00004534                g_fmi_on_fmi
 .rodata.g_fmi_version
                0x0000454c        0x4 ./synergy/ssp/src/driver/r_fmi/r_fmi.o
 .rodata.g_elc_on_elc
                0x00004550       0x1c ./synergy/ssp/src/driver/r_elc/r_elc.o
                0x00004550                g_elc_on_elc
 .rodata.s_elc_version
                0x0000456c        0x4 ./synergy/ssp/src/driver/r_elc/r_elc.o
 .rodata.g_cgc_on_cgc
                0x00004570       0x6c ./synergy/ssp/src/driver/r_cgc/r_cgc.o
                0x00004570                g_cgc_on_cgc
 .rodata.g_cgc_version
                0x000045dc        0x4 ./synergy/ssp/src/driver/r_cgc/r_cgc.o
 .rodata.g_pllccr2_div_setting
                0x000045e0        0x8 ./synergy/ssp/src/driver/r_cgc/r_cgc.o
 .rodata.g_pllccr2_div_value
                0x000045e8        0x6 ./synergy/ssp/src/driver/r_cgc/r_cgc.o
 *fill*         0x000045ee        0x2 ff
 .rodata.g_pllccr_div_setting
                0x000045f0        0x6 ./synergy/ssp/src/driver/r_cgc/r_cgc.o
 *fill*         0x000045f6        0x2 ff
 .rodata.g_pllccr_div_value
                0x000045f8        0x6 ./synergy/ssp/src/driver/r_cgc/r_cgc.o
 *fill*         0x000045fe        0x2 ff
 .rodata.g_cgc_feature
                0x00004600       0x2c ./synergy/ssp/src/bsp/mcu/s7g2/bsp_feature.o
 .rodata.g_fmi_data
                0x0000462c      0x400 ./synergy/ssp/src/bsp/mcu/s7g2/bsp_fmi_R7FS7G27H3A01CFC.o
                0x0000462c                g_fmi_data
 .rodata.g_bsp_module_stop
                0x00004a2c       0x46 ./synergy/ssp/src/bsp/mcu/s7g2/bsp_module_stop.o
 *fill*         0x00004a72        0x2 ff
 .rodata.gp_mstp
                0x00004a74       0x10 ./synergy/ssp/src/bsp/mcu/s7g2/bsp_module_stop.o
 .rodata.gp_vector_information
                0x00004a84        0x4 ./synergy/ssp/src/bsp/mcu/all/bsp_irq.o
                0x00004a84                gp_vector_information
 .rodata.g_prcr_masks
                0x00004a88        0x6 ./synergy/ssp/src/bsp/mcu/all/bsp_register_protection.o
 *fill*         0x00004a8e        0x2 ff
 .rodata.g_elc_cfg
                0x00004a90        0xc ./synergy/ssp/src/bsp/cmsis/Device/RENESAS/S7G2/Source/system_S7G2.o
 .rodata.g_bsp_leds
                0x00004a9c        0x8 ./synergy/board/s7g2_sk/bsp_leds.o
                0x00004a9c                g_bsp_leds
 .rodata.g_bsp_prv_leds
                0x00004aa4        0x6 ./synergy/board/s7g2_sk/bsp_leds.o
 *fill*         0x00004aaa        0x2 ff
 .rodata.g_ioport
                0x00004aac        0x8 ./src/synergy_gen/common_data.o
                0x00004aac                g_ioport
 .rodata.g_external_irq0
                0x00004ab4        0xc ./src/synergy_gen/hal_data.o
                0x00004ab4                g_external_irq0
 .rodata.g_external_irq0_cfg
                0x00004ac0       0x14 ./src/synergy_gen/hal_data.o
 .rodata.g_timer0
                0x00004ad4        0xc ./src/synergy_gen/hal_data.o
                0x00004ad4                g_timer0
 .rodata.g_timer0_cfg
                0x00004ae0       0x20 ./src/synergy_gen/hal_data.o
 .rodata.g_timer0_extend
                0x00004b00        0x5 ./src/synergy_gen/hal_data.o
 *fill*         0x00004b05        0x3 ff
 .rodata.g_bsp_pin_cfg
                0x00004b08        0x8 ./src/synergy_gen/pin_data.o
                0x00004b08                g_bsp_pin_cfg
 .rodata.g_bsp_pin_cfg_data
                0x00004b10      0x380 ./src/synergy_gen/pin_data.o
                0x00004b10                g_bsp_pin_cfg_data
                0x00004e90                __usb_dev_descriptor_start_fs = .
 *(.usb_device_desc_fs*)
                0x00004e90                __usb_cfg_descriptor_start_fs = .
 *(.usb_config_desc_fs*)
                0x00004e90                __usb_interface_descriptor_start_fs = .
 *(.usb_interface_desc_fs*)
                0x00004e90                __usb_descriptor_end_fs = .
                0x00004e90                __usb_dev_descriptor_start_hs = .
 *(.usb_device_desc_hs*)
                0x00004e90                __usb_cfg_descriptor_start_hs = .
 *(.usb_config_desc_hs*)
                0x00004e90                __usb_interface_descriptor_start_hs = .
 *(.usb_interface_desc_hs*)
                0x00004e90                __usb_descriptor_end_hs = .
 *(.eh_frame*)
 .eh_frame      0x00004e90        0x0 c:/program files (x86)/gnu tools arm embedded/7 2017-q4-major/bin/../lib/gcc/arm-none-eabi/7.2.1/thumb/v7e-m/fpv4-sp/hard/crtbegin.o
 .eh_frame      0x00004e90        0x4 c:/program files (x86)/gnu tools arm embedded/7 2017-q4-major/bin/../lib/gcc/arm-none-eabi/7.2.1/thumb/v7e-m/fpv4-sp/hard/crtend.o
                0x00004e94                __ROM_End = .
                0x00000044                __Vectors_Size = (__Vectors_End - __Vectors)
                0x00000008                __Vector_Info_Size = (__Vector_Info_End - __Vector_Info_Start)
                0x000001b0                __Lock_Lookup_Size = (__Lock_Lookup_End - __Lock_Lookup_Start)

.glue_7         0x00004e94        0x0
 .glue_7        0x00004e94        0x0 linker stubs

.glue_7t        0x00004e94        0x0
 .glue_7t       0x00004e94        0x0 linker stubs

.vfp11_veneer   0x00004e94        0x0
 .vfp11_veneer  0x00004e94        0x0 linker stubs

.v4_bx          0x00004e94        0x0
 .v4_bx         0x00004e94        0x0 linker stubs

.iplt           0x00004e94        0x0
 .iplt          0x00004e94        0x0 c:/program files (x86)/gnu tools arm embedded/7 2017-q4-major/bin/../lib/gcc/arm-none-eabi/7.2.1/thumb/v7e-m/fpv4-sp/hard/crtbegin.o

.ARM.extab
 *(.ARM.extab* .gnu.linkonce.armextab.*)
                0x00004e94                __exidx_start = .

.ARM.exidx      0x00004e94        0x8
 *(.ARM.exidx* .gnu.linkonce.armexidx.*)
 .ARM.exidx     0x00004e94        0x8 c:/program files (x86)/gnu tools arm embedded/7 2017-q4-major/bin/../lib/gcc/arm-none-eabi/7.2.1/thumb/v7e-m/fpv4-sp/hard\libgcc.a(_udivmoddi4.o)
                0x00004e9c                __exidx_end = .
                0x00004e9c                __etext = .

.ssp_dtc_vector_table
                0x1ffe0000        0x0
                0x1ffe0000                . = ORIGIN (RAM)
 *(.ssp_dtc_vector_table)

.data           0x1ffe0000       0x78 load address 0x00004e9c
                0x1ffe0000                __data_start__ = .
 *(vtable)
 *(.data.*)
 .data.led_0_level
                0x1ffe0000        0x1 ./src/hal_entry.o
                0x1ffe0000                led_0_level
                0x1ffe0004                . = ALIGN (0x4)
 *fill*         0x1ffe0001        0x3 
                0x1ffe0004                PROVIDE (__preinit_array_start, .)
 *(.preinit_array)
                0x1ffe0004                PROVIDE (__preinit_array_end, .)
                0x1ffe0004                . = ALIGN (0x4)
                0x1ffe0004                PROVIDE (__init_array_start, .)
 *(SORT_BY_NAME(.init_array.*))
 *(.init_array)
 .init_array    0x1ffe0004        0x4 c:/program files (x86)/gnu tools arm embedded/7 2017-q4-major/bin/../lib/gcc/arm-none-eabi/7.2.1/thumb/v7e-m/fpv4-sp/hard/crtbegin.o
                0x1ffe0008                PROVIDE (__init_array_end, .)
                0x1ffe0008                . = ALIGN (0x4)
                [!provide]                PROVIDE (__fini_array_start, .)
 *(SORT_BY_NAME(.fini_array.*))
 *(.fini_array)
 .fini_array    0x1ffe0008        0x4 c:/program files (x86)/gnu tools arm embedded/7 2017-q4-major/bin/../lib/gcc/arm-none-eabi/7.2.1/thumb/v7e-m/fpv4-sp/hard/crtbegin.o
                [!provide]                PROVIDE (__fini_array_end, .)
 *(.jcr*)
                0x1ffe000c                . = ALIGN (0x4)
                0x1ffe000c                __Code_In_RAM_Start = .
 *(.code_in_ram*)
                0x1ffe000c                __Code_In_RAM_End = .
                0x1ffe000c                __Lock_Start = .
 *(SORT_BY_NAME(.hw_lock*))
 .hw_lock.ADC_0U_0U
                0x1ffe000c        0x1 ./synergy/ssp/src/bsp/mcu/s7g2/bsp_hw_locks.o
                0x1ffe000c                g_hw_lock_ADC_0U_0U
 .hw_lock.ADC_0U_1U
                0x1ffe000d        0x1 ./synergy/ssp/src/bsp/mcu/s7g2/bsp_hw_locks.o
                0x1ffe000d                g_hw_lock_ADC_0U_1U
 .hw_lock.AGT_0U_0U
                0x1ffe000e        0x1 ./synergy/ssp/src/bsp/mcu/s7g2/bsp_hw_locks.o
                0x1ffe000e                g_hw_lock_AGT_0U_0U
 .hw_lock.AGT_0U_1U
                0x1ffe000f        0x1 ./synergy/ssp/src/bsp/mcu/s7g2/bsp_hw_locks.o
                0x1ffe000f                g_hw_lock_AGT_0U_1U
 .hw_lock.BSC_0U_1U
                0x1ffe0010        0x1 ./synergy/ssp/src/bsp/mcu/s7g2/bsp_hw_locks.o
                0x1ffe0010                g_hw_lock_BSC_0U_1U
 .hw_lock.CAC_0U_0U
                0x1ffe0011        0x1 ./synergy/ssp/src/bsp/mcu/s7g2/bsp_hw_locks.o
                0x1ffe0011                g_hw_lock_CAC_0U_0U
 .hw_lock.CAN_0U_0U
                0x1ffe0012        0x1 ./synergy/ssp/src/bsp/mcu/s7g2/bsp_hw_locks.o
                0x1ffe0012                g_hw_lock_CAN_0U_0U
 .hw_lock.CAN_0U_1U
                0x1ffe0013        0x1 ./synergy/ssp/src/bsp/mcu/s7g2/bsp_hw_locks.o
                0x1ffe0013                g_hw_lock_CAN_0U_1U
 .hw_lock.COMP_HS_0U_0U
                0x1ffe0014        0x1 ./synergy/ssp/src/bsp/mcu/s7g2/bsp_hw_locks.o
                0x1ffe0014                g_hw_lock_COMP_HS_0U_0U
 .hw_lock.COMP_HS_0U_1U
                0x1ffe0015        0x1 ./synergy/ssp/src/bsp/mcu/s7g2/bsp_hw_locks.o
                0x1ffe0015                g_hw_lock_COMP_HS_0U_1U
 .hw_lock.COMP_HS_0U_2U
                0x1ffe0016        0x1 ./synergy/ssp/src/bsp/mcu/s7g2/bsp_hw_locks.o
                0x1ffe0016                g_hw_lock_COMP_HS_0U_2U
 .hw_lock.COMP_HS_0U_3U
                0x1ffe0017        0x1 ./synergy/ssp/src/bsp/mcu/s7g2/bsp_hw_locks.o
                0x1ffe0017                g_hw_lock_COMP_HS_0U_3U
 .hw_lock.COMP_HS_0U_4U
                0x1ffe0018        0x1 ./synergy/ssp/src/bsp/mcu/s7g2/bsp_hw_locks.o
                0x1ffe0018                g_hw_lock_COMP_HS_0U_4U
 .hw_lock.COMP_HS_0U_5U
                0x1ffe0019        0x1 ./synergy/ssp/src/bsp/mcu/s7g2/bsp_hw_locks.o
                0x1ffe0019                g_hw_lock_COMP_HS_0U_5U
 .hw_lock.CRC_0U_0U
                0x1ffe001a        0x1 ./synergy/ssp/src/bsp/mcu/s7g2/bsp_hw_locks.o
                0x1ffe001a                g_hw_lock_CRC_0U_0U
 .hw_lock.CTSU_0U_0U
                0x1ffe001b        0x1 ./synergy/ssp/src/bsp/mcu/s7g2/bsp_hw_locks.o
                0x1ffe001b                g_hw_lock_CTSU_0U_0U
 .hw_lock.DAAD_0U_0U
                0x1ffe001c        0x1 ./synergy/ssp/src/bsp/mcu/s7g2/bsp_hw_locks.o
                0x1ffe001c                g_hw_lock_DAAD_0U_0U
 .hw_lock.DAC_0U_0U
                0x1ffe001d        0x1 ./synergy/ssp/src/bsp/mcu/s7g2/bsp_hw_locks.o
                0x1ffe001d                g_hw_lock_DAC_0U_0U
 .hw_lock.DAC_0U_1U
                0x1ffe001e        0x1 ./synergy/ssp/src/bsp/mcu/s7g2/bsp_hw_locks.o
                0x1ffe001e                g_hw_lock_DAC_0U_1U
 .hw_lock.DMAC_0U_0U
                0x1ffe001f        0x1 ./synergy/ssp/src/bsp/mcu/s7g2/bsp_hw_locks.o
                0x1ffe001f                g_hw_lock_DMAC_0U_0U
 .hw_lock.DMAC_0U_1U
                0x1ffe0020        0x1 ./synergy/ssp/src/bsp/mcu/s7g2/bsp_hw_locks.o
                0x1ffe0020                g_hw_lock_DMAC_0U_1U
 .hw_lock.DMAC_0U_2U
                0x1ffe0021        0x1 ./synergy/ssp/src/bsp/mcu/s7g2/bsp_hw_locks.o
                0x1ffe0021                g_hw_lock_DMAC_0U_2U
 .hw_lock.DMAC_0U_3U
                0x1ffe0022        0x1 ./synergy/ssp/src/bsp/mcu/s7g2/bsp_hw_locks.o
                0x1ffe0022                g_hw_lock_DMAC_0U_3U
 .hw_lock.DMAC_0U_4U
                0x1ffe0023        0x1 ./synergy/ssp/src/bsp/mcu/s7g2/bsp_hw_locks.o
                0x1ffe0023                g_hw_lock_DMAC_0U_4U
 .hw_lock.DMAC_0U_5U
                0x1ffe0024        0x1 ./synergy/ssp/src/bsp/mcu/s7g2/bsp_hw_locks.o
                0x1ffe0024                g_hw_lock_DMAC_0U_5U
 .hw_lock.DMAC_0U_6U
                0x1ffe0025        0x1 ./synergy/ssp/src/bsp/mcu/s7g2/bsp_hw_locks.o
                0x1ffe0025                g_hw_lock_DMAC_0U_6U
 .hw_lock.DMAC_0U_7U
                0x1ffe0026        0x1 ./synergy/ssp/src/bsp/mcu/s7g2/bsp_hw_locks.o
                0x1ffe0026                g_hw_lock_DMAC_0U_7U
 .hw_lock.DOC_0U_0U
                0x1ffe0027        0x1 ./synergy/ssp/src/bsp/mcu/s7g2/bsp_hw_locks.o
                0x1ffe0027                g_hw_lock_DOC_0U_0U
 .hw_lock.DRW_0U_0U
                0x1ffe0028        0x1 ./synergy/ssp/src/bsp/mcu/s7g2/bsp_hw_locks.o
                0x1ffe0028                g_hw_lock_DRW_0U_0U
 .hw_lock.DTC_0U_0U
                0x1ffe0029        0x1 ./synergy/ssp/src/bsp/mcu/s7g2/bsp_hw_locks.o
                0x1ffe0029                g_hw_lock_DTC_0U_0U
 .hw_lock.ELC_0U_0U
                0x1ffe002a        0x1 ./synergy/ssp/src/bsp/mcu/s7g2/bsp_hw_locks.o
                0x1ffe002a                g_hw_lock_ELC_0U_0U
 .hw_lock.EPTPC_0U_0U
                0x1ffe002b        0x1 ./synergy/ssp/src/bsp/mcu/s7g2/bsp_hw_locks.o
                0x1ffe002b                g_hw_lock_EPTPC_0U_0U
 .hw_lock.ETHER_0U_0U
                0x1ffe002c        0x1 ./synergy/ssp/src/bsp/mcu/s7g2/bsp_hw_locks.o
                0x1ffe002c                g_hw_lock_ETHER_0U_0U
 .hw_lock.ETHER_0U_1U
                0x1ffe002d        0x1 ./synergy/ssp/src/bsp/mcu/s7g2/bsp_hw_locks.o
                0x1ffe002d                g_hw_lock_ETHER_0U_1U
 .hw_lock.FCU_0U_0U
                0x1ffe002e        0x1 ./synergy/ssp/src/bsp/mcu/s7g2/bsp_hw_locks.o
                0x1ffe002e                g_hw_lock_FCU_0U_0U
 .hw_lock.GLCDC_0U_0U
                0x1ffe002f        0x1 ./synergy/ssp/src/bsp/mcu/s7g2/bsp_hw_locks.o
                0x1ffe002f                g_hw_lock_GLCDC_0U_0U
 .hw_lock.GPT_0U_0U
                0x1ffe0030        0x1 ./synergy/ssp/src/bsp/mcu/s7g2/bsp_hw_locks.o
                0x1ffe0030                g_hw_lock_GPT_0U_0U
 .hw_lock.GPT_0U_10U
                0x1ffe0031        0x1 ./synergy/ssp/src/bsp/mcu/s7g2/bsp_hw_locks.o
                0x1ffe0031                g_hw_lock_GPT_0U_10U
 .hw_lock.GPT_0U_11U
                0x1ffe0032        0x1 ./synergy/ssp/src/bsp/mcu/s7g2/bsp_hw_locks.o
                0x1ffe0032                g_hw_lock_GPT_0U_11U
 .hw_lock.GPT_0U_12U
                0x1ffe0033        0x1 ./synergy/ssp/src/bsp/mcu/s7g2/bsp_hw_locks.o
                0x1ffe0033                g_hw_lock_GPT_0U_12U
 .hw_lock.GPT_0U_13U
                0x1ffe0034        0x1 ./synergy/ssp/src/bsp/mcu/s7g2/bsp_hw_locks.o
                0x1ffe0034                g_hw_lock_GPT_0U_13U
 .hw_lock.GPT_0U_1U
                0x1ffe0035        0x1 ./synergy/ssp/src/bsp/mcu/s7g2/bsp_hw_locks.o
                0x1ffe0035                g_hw_lock_GPT_0U_1U
 .hw_lock.GPT_0U_2U
                0x1ffe0036        0x1 ./synergy/ssp/src/bsp/mcu/s7g2/bsp_hw_locks.o
                0x1ffe0036                g_hw_lock_GPT_0U_2U
 .hw_lock.GPT_0U_3U
                0x1ffe0037        0x1 ./synergy/ssp/src/bsp/mcu/s7g2/bsp_hw_locks.o
                0x1ffe0037                g_hw_lock_GPT_0U_3U
 .hw_lock.GPT_0U_4U
                0x1ffe0038        0x1 ./synergy/ssp/src/bsp/mcu/s7g2/bsp_hw_locks.o
                0x1ffe0038                g_hw_lock_GPT_0U_4U
 .hw_lock.GPT_0U_5U
                0x1ffe0039        0x1 ./synergy/ssp/src/bsp/mcu/s7g2/bsp_hw_locks.o
                0x1ffe0039                g_hw_lock_GPT_0U_5U
 .hw_lock.GPT_0U_6U
                0x1ffe003a        0x1 ./synergy/ssp/src/bsp/mcu/s7g2/bsp_hw_locks.o
                0x1ffe003a                g_hw_lock_GPT_0U_6U
 .hw_lock.GPT_0U_7U
                0x1ffe003b        0x1 ./synergy/ssp/src/bsp/mcu/s7g2/bsp_hw_locks.o
                0x1ffe003b                g_hw_lock_GPT_0U_7U
 .hw_lock.GPT_0U_8U
                0x1ffe003c        0x1 ./synergy/ssp/src/bsp/mcu/s7g2/bsp_hw_locks.o
                0x1ffe003c                g_hw_lock_GPT_0U_8U
 .hw_lock.GPT_0U_9U
                0x1ffe003d        0x1 ./synergy/ssp/src/bsp/mcu/s7g2/bsp_hw_locks.o
                0x1ffe003d                g_hw_lock_GPT_0U_9U
 .hw_lock.ICU_0U_0U
                0x1ffe003e        0x1 ./synergy/ssp/src/bsp/mcu/s7g2/bsp_hw_locks.o
                0x1ffe003e                g_hw_lock_ICU_0U_0U
 .hw_lock.ICU_0U_10U
                0x1ffe003f        0x1 ./synergy/ssp/src/bsp/mcu/s7g2/bsp_hw_locks.o
                0x1ffe003f                g_hw_lock_ICU_0U_10U
 .hw_lock.ICU_0U_11U
                0x1ffe0040        0x1 ./synergy/ssp/src/bsp/mcu/s7g2/bsp_hw_locks.o
                0x1ffe0040                g_hw_lock_ICU_0U_11U
 .hw_lock.ICU_0U_12U
                0x1ffe0041        0x1 ./synergy/ssp/src/bsp/mcu/s7g2/bsp_hw_locks.o
                0x1ffe0041                g_hw_lock_ICU_0U_12U
 .hw_lock.ICU_0U_13U
                0x1ffe0042        0x1 ./synergy/ssp/src/bsp/mcu/s7g2/bsp_hw_locks.o
                0x1ffe0042                g_hw_lock_ICU_0U_13U
 .hw_lock.ICU_0U_14U
                0x1ffe0043        0x1 ./synergy/ssp/src/bsp/mcu/s7g2/bsp_hw_locks.o
                0x1ffe0043                g_hw_lock_ICU_0U_14U
 .hw_lock.ICU_0U_15U
                0x1ffe0044        0x1 ./synergy/ssp/src/bsp/mcu/s7g2/bsp_hw_locks.o
                0x1ffe0044                g_hw_lock_ICU_0U_15U
 .hw_lock.ICU_0U_1U
                0x1ffe0045        0x1 ./synergy/ssp/src/bsp/mcu/s7g2/bsp_hw_locks.o
                0x1ffe0045                g_hw_lock_ICU_0U_1U
 .hw_lock.ICU_0U_2U
                0x1ffe0046        0x1 ./synergy/ssp/src/bsp/mcu/s7g2/bsp_hw_locks.o
                0x1ffe0046                g_hw_lock_ICU_0U_2U
 .hw_lock.ICU_0U_3U
                0x1ffe0047        0x1 ./synergy/ssp/src/bsp/mcu/s7g2/bsp_hw_locks.o
                0x1ffe0047                g_hw_lock_ICU_0U_3U
 .hw_lock.ICU_0U_4U
                0x1ffe0048        0x1 ./synergy/ssp/src/bsp/mcu/s7g2/bsp_hw_locks.o
                0x1ffe0048                g_hw_lock_ICU_0U_4U
 .hw_lock.ICU_0U_5U
                0x1ffe0049        0x1 ./synergy/ssp/src/bsp/mcu/s7g2/bsp_hw_locks.o
                0x1ffe0049                g_hw_lock_ICU_0U_5U
 .hw_lock.ICU_0U_6U
                0x1ffe004a        0x1 ./synergy/ssp/src/bsp/mcu/s7g2/bsp_hw_locks.o
                0x1ffe004a                g_hw_lock_ICU_0U_6U
 .hw_lock.ICU_0U_7U
                0x1ffe004b        0x1 ./synergy/ssp/src/bsp/mcu/s7g2/bsp_hw_locks.o
                0x1ffe004b                g_hw_lock_ICU_0U_7U
 .hw_lock.ICU_0U_8U
                0x1ffe004c        0x1 ./synergy/ssp/src/bsp/mcu/s7g2/bsp_hw_locks.o
                0x1ffe004c                g_hw_lock_ICU_0U_8U
 .hw_lock.ICU_0U_9U
                0x1ffe004d        0x1 ./synergy/ssp/src/bsp/mcu/s7g2/bsp_hw_locks.o
                0x1ffe004d                g_hw_lock_ICU_0U_9U
 .hw_lock.IIC_0U_0U
                0x1ffe004e        0x1 ./synergy/ssp/src/bsp/mcu/s7g2/bsp_hw_locks.o
                0x1ffe004e                g_hw_lock_IIC_0U_0U
 .hw_lock.IIC_0U_1U
                0x1ffe004f        0x1 ./synergy/ssp/src/bsp/mcu/s7g2/bsp_hw_locks.o
                0x1ffe004f                g_hw_lock_IIC_0U_1U
 .hw_lock.IIC_0U_2U
                0x1ffe0050        0x1 ./synergy/ssp/src/bsp/mcu/s7g2/bsp_hw_locks.o
                0x1ffe0050                g_hw_lock_IIC_0U_2U
 .hw_lock.IRDA_0U_0U
                0x1ffe0051        0x1 ./synergy/ssp/src/bsp/mcu/s7g2/bsp_hw_locks.o
                0x1ffe0051                g_hw_lock_IRDA_0U_0U
 .hw_lock.IWDT_0U_0U
                0x1ffe0052        0x1 ./synergy/ssp/src/bsp/mcu/s7g2/bsp_hw_locks.o
                0x1ffe0052                g_hw_lock_IWDT_0U_0U
 .hw_lock.JPEG_0U_0U
                0x1ffe0053        0x1 ./synergy/ssp/src/bsp/mcu/s7g2/bsp_hw_locks.o
                0x1ffe0053                g_hw_lock_JPEG_0U_0U
 .hw_lock.KEY_0U_0U
                0x1ffe0054        0x1 ./synergy/ssp/src/bsp/mcu/s7g2/bsp_hw_locks.o
                0x1ffe0054                g_hw_lock_KEY_0U_0U
 .hw_lock.LPM_1U_0U
                0x1ffe0055        0x1 ./synergy/ssp/src/bsp/mcu/s7g2/bsp_hw_locks.o
                0x1ffe0055                g_hw_lock_LPM_1U_0U
 .hw_lock.LVD_0U_0U
                0x1ffe0056        0x1 ./synergy/ssp/src/bsp/mcu/s7g2/bsp_hw_locks.o
                0x1ffe0056                g_hw_lock_LVD_0U_0U
 .hw_lock.LVD_0U_1U
                0x1ffe0057        0x1 ./synergy/ssp/src/bsp/mcu/s7g2/bsp_hw_locks.o
                0x1ffe0057                g_hw_lock_LVD_0U_1U
 .hw_lock.MMF_0U_0U
                0x1ffe0058        0x1 ./synergy/ssp/src/bsp/mcu/s7g2/bsp_hw_locks.o
                0x1ffe0058                g_hw_lock_MMF_0U_0U
 .hw_lock.MPU_0U_0U
                0x1ffe0059        0x1 ./synergy/ssp/src/bsp/mcu/s7g2/bsp_hw_locks.o
                0x1ffe0059                g_hw_lock_MPU_0U_0U
 .hw_lock.OPS_0U_0U
                0x1ffe005a        0x1 ./synergy/ssp/src/bsp/mcu/s7g2/bsp_hw_locks.o
                0x1ffe005a                g_hw_lock_OPS_0U_0U
 .hw_lock.PDC_0U_0U
                0x1ffe005b        0x1 ./synergy/ssp/src/bsp/mcu/s7g2/bsp_hw_locks.o
                0x1ffe005b                g_hw_lock_PDC_0U_0U
 .hw_lock.POEG_0U_0U
                0x1ffe005c        0x1 ./synergy/ssp/src/bsp/mcu/s7g2/bsp_hw_locks.o
                0x1ffe005c                g_hw_lock_POEG_0U_0U
 .hw_lock.POEG_0U_1U
                0x1ffe005d        0x1 ./synergy/ssp/src/bsp/mcu/s7g2/bsp_hw_locks.o
                0x1ffe005d                g_hw_lock_POEG_0U_1U
 .hw_lock.POEG_0U_2U
                0x1ffe005e        0x1 ./synergy/ssp/src/bsp/mcu/s7g2/bsp_hw_locks.o
                0x1ffe005e                g_hw_lock_POEG_0U_2U
 .hw_lock.POEG_0U_3U
                0x1ffe005f        0x1 ./synergy/ssp/src/bsp/mcu/s7g2/bsp_hw_locks.o
                0x1ffe005f                g_hw_lock_POEG_0U_3U
 .hw_lock.QSPI_0U_0U
                0x1ffe0060        0x1 ./synergy/ssp/src/bsp/mcu/s7g2/bsp_hw_locks.o
                0x1ffe0060                g_hw_lock_QSPI_0U_0U
 .hw_lock.RTC_0U_0U
                0x1ffe0061        0x1 ./synergy/ssp/src/bsp/mcu/s7g2/bsp_hw_locks.o
                0x1ffe0061                g_hw_lock_RTC_0U_0U
 .hw_lock.SCE_0U_0U
                0x1ffe0062        0x1 ./synergy/ssp/src/bsp/mcu/s7g2/bsp_hw_locks.o
                0x1ffe0062                g_hw_lock_SCE_0U_0U
 .hw_lock.SCI_0U_0U
                0x1ffe0063        0x1 ./synergy/ssp/src/bsp/mcu/s7g2/bsp_hw_locks.o
                0x1ffe0063                g_hw_lock_SCI_0U_0U
 .hw_lock.SCI_0U_1U
                0x1ffe0064        0x1 ./synergy/ssp/src/bsp/mcu/s7g2/bsp_hw_locks.o
                0x1ffe0064                g_hw_lock_SCI_0U_1U
 .hw_lock.SCI_0U_2U
                0x1ffe0065        0x1 ./synergy/ssp/src/bsp/mcu/s7g2/bsp_hw_locks.o
                0x1ffe0065                g_hw_lock_SCI_0U_2U
 .hw_lock.SCI_0U_3U
                0x1ffe0066        0x1 ./synergy/ssp/src/bsp/mcu/s7g2/bsp_hw_locks.o
                0x1ffe0066                g_hw_lock_SCI_0U_3U
 .hw_lock.SCI_0U_4U
                0x1ffe0067        0x1 ./synergy/ssp/src/bsp/mcu/s7g2/bsp_hw_locks.o
                0x1ffe0067                g_hw_lock_SCI_0U_4U
 .hw_lock.SCI_0U_5U
                0x1ffe0068        0x1 ./synergy/ssp/src/bsp/mcu/s7g2/bsp_hw_locks.o
                0x1ffe0068                g_hw_lock_SCI_0U_5U
 .hw_lock.SCI_0U_6U
                0x1ffe0069        0x1 ./synergy/ssp/src/bsp/mcu/s7g2/bsp_hw_locks.o
                0x1ffe0069                g_hw_lock_SCI_0U_6U
 .hw_lock.SCI_0U_7U
                0x1ffe006a        0x1 ./synergy/ssp/src/bsp/mcu/s7g2/bsp_hw_locks.o
                0x1ffe006a                g_hw_lock_SCI_0U_7U
 .hw_lock.SCI_0U_8U
                0x1ffe006b        0x1 ./synergy/ssp/src/bsp/mcu/s7g2/bsp_hw_locks.o
                0x1ffe006b                g_hw_lock_SCI_0U_8U
 .hw_lock.SCI_0U_9U
                0x1ffe006c        0x1 ./synergy/ssp/src/bsp/mcu/s7g2/bsp_hw_locks.o
                0x1ffe006c                g_hw_lock_SCI_0U_9U
 .hw_lock.SDHIMMC_0U_0U
                0x1ffe006d        0x1 ./synergy/ssp/src/bsp/mcu/s7g2/bsp_hw_locks.o
                0x1ffe006d                g_hw_lock_SDHIMMC_0U_0U
 .hw_lock.SDHIMMC_0U_1U
                0x1ffe006e        0x1 ./synergy/ssp/src/bsp/mcu/s7g2/bsp_hw_locks.o
                0x1ffe006e                g_hw_lock_SDHIMMC_0U_1U
 .hw_lock.SPI_0U_0U
                0x1ffe006f        0x1 ./synergy/ssp/src/bsp/mcu/s7g2/bsp_hw_locks.o
                0x1ffe006f                g_hw_lock_SPI_0U_0U
 .hw_lock.SPI_0U_1U
                0x1ffe0070        0x1 ./synergy/ssp/src/bsp/mcu/s7g2/bsp_hw_locks.o
                0x1ffe0070                g_hw_lock_SPI_0U_1U
 .hw_lock.SRC_0U_0U
                0x1ffe0071        0x1 ./synergy/ssp/src/bsp/mcu/s7g2/bsp_hw_locks.o
                0x1ffe0071                g_hw_lock_SRC_0U_0U
 .hw_lock.SSI_0U_0U
                0x1ffe0072        0x1 ./synergy/ssp/src/bsp/mcu/s7g2/bsp_hw_locks.o
                0x1ffe0072                g_hw_lock_SSI_0U_0U
 .hw_lock.SSI_0U_1U
                0x1ffe0073        0x1 ./synergy/ssp/src/bsp/mcu/s7g2/bsp_hw_locks.o
                0x1ffe0073                g_hw_lock_SSI_0U_1U
 .hw_lock.TSN_0U_0U
                0x1ffe0074        0x1 ./synergy/ssp/src/bsp/mcu/s7g2/bsp_hw_locks.o
                0x1ffe0074                g_hw_lock_TSN_0U_0U
 .hw_lock.USB_0U_0U
                0x1ffe0075        0x1 ./synergy/ssp/src/bsp/mcu/s7g2/bsp_hw_locks.o
                0x1ffe0075                g_hw_lock_USB_0U_0U
 .hw_lock.USB_1U_0U
                0x1ffe0076        0x1 ./synergy/ssp/src/bsp/mcu/s7g2/bsp_hw_locks.o
                0x1ffe0076                g_hw_lock_USB_1U_0U
 .hw_lock.WDT_0U_0U
                0x1ffe0077        0x1 ./synergy/ssp/src/bsp/mcu/s7g2/bsp_hw_locks.o
                0x1ffe0077                g_hw_lock_WDT_0U_0U
                0x1ffe0078                __Lock_End = .
                0x1ffe0078                . = ALIGN (0x4)
                0x1ffe0078                __data_end__ = .
                0x0000006c                __Lock_Size = (__Lock_End - __Lock_Start)

.igot.plt       0x1ffe0078        0x0 load address 0x00004f14
 .igot.plt      0x1ffe0078        0x0 c:/program files (x86)/gnu tools arm embedded/7 2017-q4-major/bin/../lib/gcc/arm-none-eabi/7.2.1/thumb/v7e-m/fpv4-sp/hard/crtbegin.o

.qspi_flash     0x60000000        0x0
                0x60000000                __qspi_flash_start__ = .
 *(.qspi_flash*)
                0x60000000                __qspi_flash_end__ = .
                0x00000000                __qspi_flash_code_size__ = (__qspi_flash_end__ - __qspi_flash_start__)
                0x00004f14                __qspi_flash_code_addr__ = (__etext + (__data_end__ - __data_start__))

.qspi_non_retentive
                0x60000000        0x0 load address 0x00004f14
                0x60000000                __qspi_non_retentive_start__ = .
 *(.qspi_non_retentive*)
                0x60000000                __qspi_non_retentive_end__ = .
                0x00000000                __qspi_non_retentive_size__ = (__qspi_non_retentive_end__ - __qspi_non_retentive_start__)
                0x04000000                __qspi_region_max_size__ = 0x4000000
                0x60000000                __qspi_region_start_address__ = __qspi_flash_start__
                0x64000000                __qspi_region_end_address__ = (__qspi_flash_start__ + __qspi_region_max_size__)

.noinit         0x1ffe0078       0x38
                0x1ffe0078                . = ALIGN (0x4)
                0x1ffe0078                __noinit_start = .
 *(.noinit*)
 .noinit        0x1ffe0078       0x14 ./synergy/ssp/src/driver/r_ioport/r_ioport.o
 .noinit        0x1ffe008c        0x4 ./synergy/ssp/src/driver/r_fmi/r_fmi.o
 .noinit        0x1ffe0090       0x20 ./synergy/ssp/src/driver/r_cgc/r_cgc.o
                0x1ffe0090                gp_cgc_feature
                0x1ffe00b0                __noinit_end = .

.bss            0x1ffe00b0       0xb0
                0x1ffe00b0                . = ALIGN (0x4)
                0x1ffe00b0                __bss_start__ = .
 *(.bss*)
 .bss           0x1ffe00b0       0x1c c:/program files (x86)/gnu tools arm embedded/7 2017-q4-major/bin/../lib/gcc/arm-none-eabi/7.2.1/thumb/v7e-m/fpv4-sp/hard/crtbegin.o
 .bss.g_protect_pfswe_counter
                0x1ffe00cc        0x2 ./synergy/ssp/src/driver/r_ioport/r_ioport.o
                0x1ffe00cc                g_protect_pfswe_counter
 *fill*         0x1ffe00ce        0x2 
 .bss.gp_elc_reg
                0x1ffe00d0        0x4 ./synergy/ssp/src/driver/r_elc/r_elc.o
 .bss.g_bsp_group_irq_sources
                0x1ffe00d4       0x30 ./synergy/ssp/src/bsp/mcu/s7g2/bsp_group_irq.o
 .bss.g_vector_information_size
                0x1ffe0104        0x4 ./synergy/ssp/src/bsp/mcu/all/bsp_irq.o
                0x1ffe0104                g_vector_information_size
 .bss.g_bsp_lock_lookup_size
                0x1ffe0108        0x4 ./synergy/ssp/src/bsp/mcu/all/bsp_locking.o
 .bss.gp_bsp_lock_lookup
                0x1ffe010c        0x4 ./synergy/ssp/src/bsp/mcu/all/bsp_locking.o
 .bss.gp_bsp_locks
                0x1ffe0110        0x4 ./synergy/ssp/src/bsp/mcu/all/bsp_locking.o
 .bss.g_protect_counters
                0x1ffe0114        0x6 ./synergy/ssp/src/bsp/mcu/all/bsp_register_protection.o
 *fill*         0x1ffe011a        0x2 
 .bss.SystemCoreClock
                0x1ffe011c        0x4 ./synergy/ssp/src/bsp/cmsis/Device/RENESAS/S7G2/Source/system_S7G2.o
                0x1ffe011c                SystemCoreClock
 .bss.device_characteristics
                0x1ffe0120        0x3 ./synergy/board/s7g2_sk/bsp_qspi.o
 *fill*         0x1ffe0123        0x1 
 .bss.flag_status2
                0x1ffe0124        0x1 ./synergy/board/s7g2_sk/bsp_qspi.o
 *fill*         0x1ffe0125        0x3 
 .bss.g_external_irq0_ctrl
                0x1ffe0128       0x14 ./src/synergy_gen/hal_data.o
 .bss.g_timer0_ctrl
                0x1ffe013c       0x18 ./src/synergy_gen/hal_data.o
 .bss.gp_ctrl_ICU_IRQ10
                0x1ffe0154        0x4 ./src/synergy_gen/hal_data.o
 *(COMMON)
 COMMON         0x1ffe0158        0x8 ./src/hal_entry.o
                0x1ffe0158                Leds
                0x1ffe0160                . = ALIGN (0x4)
                0x1ffe0160                __bss_end__ = .

.heap           0x1ffe0160     0x1000
                0x1ffe0160                . = ALIGN (0x8)
 *(.heap_d1)
                0x1ffe0160                . = ALIGN (0x8)
                0x1ffe0160                __HeapBase = .
                0x1ffe0160                __end__ = .
                0x1ffe0160                end = __end__
 *(.heap*)
 .heap          0x1ffe0160     0x1000 ./synergy/ssp/src/bsp/cmsis/Device/RENESAS/S7G2/Source/startup_S7G2.o
                0x1ffe1160                __HeapLimit = .

.stack_dummy    0x1ffe1160      0x800
                0x1ffe1160                . = ALIGN (0x8)
                0x1ffe1160                __StackLimit = .
 *(.stack)
 .stack         0x1ffe1160      0x800 ./synergy/ssp/src/bsp/cmsis/Device/RENESAS/S7G2/Source/startup_S7G2.o
                0x1ffe1960                __StackTop = .
 *(.stack*)
                0x1ffe1960                __StackTopAll = .
                [!provide]                PROVIDE (__stack, __StackTopAll)
                0x1ffe1960                __RAM_segment_used_end__ = ALIGN (__StackTopAll, 0x4)

.data_flash     0x40100000        0x0
                0x40100000                __Data_Flash_Start = .
 *(.data_flash*)
                0x40100000                __Data_Flash_End = .

.sdram          0x90000000        0x0
                0x90000000                __SDRAM_Start = .
 *(.sdram*)
 *(.frame*)
                0x90000000                __SDRAM_End = .

.id_code_1      0x40120050       0x10
                0x40120050                __ID_Codes_Start = .
 *(.id_code_1*)
 .id_code_1     0x40120050       0x10 ./synergy/ssp/src/bsp/mcu/s7g2/bsp_rom_registers.o
                0x40120060                __ID_Codes_End = .
OUTPUT(irqtest.elf elf32-littlearm)

.rel.dyn        0x40120060        0x0
 .rel.iplt      0x40120060        0x0 c:/program files (x86)/gnu tools arm embedded/7 2017-q4-major/bin/../lib/gcc/arm-none-eabi/7.2.1/thumb/v7e-m/fpv4-sp/hard/crtbegin.o

.ARM.attributes
                0x00000000       0x30
 .ARM.attributes
                0x00000000       0x22 c:/program files (x86)/gnu tools arm embedded/7 2017-q4-major/bin/../lib/gcc/arm-none-eabi/7.2.1/thumb/v7e-m/fpv4-sp/hard/crti.o
 .ARM.attributes
                0x00000022       0x34 c:/program files (x86)/gnu tools arm embedded/7 2017-q4-major/bin/../lib/gcc/arm-none-eabi/7.2.1/thumb/v7e-m/fpv4-sp/hard/crtbegin.o
 .ARM.attributes
                0x00000056       0x39 ./synergy/ssp/src/driver/r_ioport/r_ioport.o
 .ARM.attributes
                0x0000008f       0x39 ./synergy/ssp/src/driver/r_icu/r_icu.o
 .ARM.attributes
                0x000000c8       0x39 ./synergy/ssp/src/driver/r_gpt/r_gpt.o
 .ARM.attributes
                0x00000101       0x39 ./synergy/ssp/src/driver/r_fmi/r_fmi.o
 .ARM.attributes
                0x0000013a       0x39 ./synergy/ssp/src/driver/r_elc/r_elc.o
 .ARM.attributes
                0x00000173       0x39 ./synergy/ssp/src/driver/r_cgc/r_cgc.o
 .ARM.attributes
                0x000001ac       0x39 ./synergy/ssp/src/bsp/mcu/s7g2/bsp_cache.o
 .ARM.attributes
                0x000001e5       0x39 ./synergy/ssp/src/bsp/mcu/s7g2/bsp_clocks.o
 .ARM.attributes
                0x0000021e       0x39 ./synergy/ssp/src/bsp/mcu/s7g2/bsp_feature.o
 .ARM.attributes
                0x00000257       0x39 ./synergy/ssp/src/bsp/mcu/s7g2/bsp_fmi_R7FS7G27H3A01CFC.o
 .ARM.attributes
                0x00000290       0x39 ./synergy/ssp/src/bsp/mcu/s7g2/bsp_group_irq.o
 .ARM.attributes
                0x000002c9       0x39 ./synergy/ssp/src/bsp/mcu/s7g2/bsp_hw_locks.o
 .ARM.attributes
                0x00000302       0x39 ./synergy/ssp/src/bsp/mcu/s7g2/bsp_module_stop.o
 .ARM.attributes
                0x0000033b       0x39 ./synergy/ssp/src/bsp/mcu/s7g2/bsp_rom_registers.o
 .ARM.attributes
                0x00000374       0x39 ./synergy/ssp/src/bsp/mcu/all/bsp_common.o
 .ARM.attributes
                0x000003ad       0x39 ./synergy/ssp/src/bsp/mcu/all/bsp_common_leds.o
 .ARM.attributes
                0x000003e6       0x39 ./synergy/ssp/src/bsp/mcu/all/bsp_delay.o
 .ARM.attributes
                0x0000041f       0x39 ./synergy/ssp/src/bsp/mcu/all/bsp_irq.o
 .ARM.attributes
                0x00000458       0x39 ./synergy/ssp/src/bsp/mcu/all/bsp_locking.o
 .ARM.attributes
                0x00000491       0x39 ./synergy/ssp/src/bsp/mcu/all/bsp_register_protection.o
 .ARM.attributes
                0x000004ca       0x39 ./synergy/ssp/src/bsp/cmsis/Device/RENESAS/S7G2/Source/startup_S7G2.o
 .ARM.attributes
                0x00000503       0x39 ./synergy/ssp/src/bsp/cmsis/Device/RENESAS/S7G2/Source/system_S7G2.o
 .ARM.attributes
                0x0000053c       0x39 ./synergy/board/s7g2_sk/bsp_init.o
 .ARM.attributes
                0x00000575       0x39 ./synergy/board/s7g2_sk/bsp_leds.o
 .ARM.attributes
                0x000005ae       0x39 ./synergy/board/s7g2_sk/bsp_qspi.o
 .ARM.attributes
                0x000005e7       0x39 ./src/synergy_gen/common_data.o
 .ARM.attributes
                0x00000620       0x39 ./src/synergy_gen/hal_data.o
 .ARM.attributes
                0x00000659       0x39 ./src/synergy_gen/main.o
 .ARM.attributes
                0x00000692       0x39 ./src/synergy_gen/pin_data.o
 .ARM.attributes
                0x000006cb       0x39 ./src/hal_entry.o
 .ARM.attributes
                0x00000704       0x22 c:/program files (x86)/gnu tools arm embedded/7 2017-q4-major/bin/../lib/gcc/arm-none-eabi/7.2.1/thumb/v7e-m/fpv4-sp/hard\libgcc.a(_arm_addsubdf3.o)
 .ARM.attributes
                0x00000726       0x22 c:/program files (x86)/gnu tools arm embedded/7 2017-q4-major/bin/../lib/gcc/arm-none-eabi/7.2.1/thumb/v7e-m/fpv4-sp/hard\libgcc.a(_arm_cmpdf2.o)
 .ARM.attributes
                0x00000748       0x22 c:/program files (x86)/gnu tools arm embedded/7 2017-q4-major/bin/../lib/gcc/arm-none-eabi/7.2.1/thumb/v7e-m/fpv4-sp/hard\libgcc.a(_aeabi_uldivmod.o)
 .ARM.attributes
                0x0000076a       0x34 c:/program files (x86)/gnu tools arm embedded/7 2017-q4-major/bin/../lib/gcc/arm-none-eabi/7.2.1/thumb/v7e-m/fpv4-sp/hard\libgcc.a(_udivmoddi4.o)
 .ARM.attributes
                0x0000079e       0x22 c:/program files (x86)/gnu tools arm embedded/7 2017-q4-major/bin/../lib/gcc/arm-none-eabi/7.2.1/thumb/v7e-m/fpv4-sp/hard\libgcc.a(_dvmd_tls.o)
 .ARM.attributes
                0x000007c0       0x34 c:/program files (x86)/gnu tools arm embedded/7 2017-q4-major/bin/../lib/gcc/arm-none-eabi/7.2.1/thumb/v7e-m/fpv4-sp/hard/crtend.o
 .ARM.attributes
                0x000007f4       0x22 c:/program files (x86)/gnu tools arm embedded/7 2017-q4-major/bin/../lib/gcc/arm-none-eabi/7.2.1/thumb/v7e-m/fpv4-sp/hard/crtn.o

.comment        0x00000000       0x7e
 .comment       0x00000000       0x7e ./synergy/ssp/src/driver/r_ioport/r_ioport.o
                                 0x7f (size before relaxing)
 .comment       0x0000007e       0x7f ./synergy/ssp/src/driver/r_icu/r_icu.o
 .comment       0x0000007e       0x7f ./synergy/ssp/src/driver/r_gpt/r_gpt.o
 .comment       0x0000007e       0x7f ./synergy/ssp/src/driver/r_fmi/r_fmi.o
 .comment       0x0000007e       0x7f ./synergy/ssp/src/driver/r_elc/r_elc.o
 .comment       0x0000007e       0x7f ./synergy/ssp/src/driver/r_cgc/r_cgc.o
 .comment       0x0000007e       0x7f ./synergy/ssp/src/bsp/mcu/s7g2/bsp_cache.o
 .comment       0x0000007e       0x7f ./synergy/ssp/src/bsp/mcu/s7g2/bsp_clocks.o
 .comment       0x0000007e       0x7f ./synergy/ssp/src/bsp/mcu/s7g2/bsp_feature.o
 .comment       0x0000007e       0x7f ./synergy/ssp/src/bsp/mcu/s7g2/bsp_fmi_R7FS7G27H3A01CFC.o
 .comment       0x0000007e       0x7f ./synergy/ssp/src/bsp/mcu/s7g2/bsp_group_irq.o
 .comment       0x0000007e       0x7f ./synergy/ssp/src/bsp/mcu/s7g2/bsp_hw_locks.o
 .comment       0x0000007e       0x7f ./synergy/ssp/src/bsp/mcu/s7g2/bsp_module_stop.o
 .comment       0x0000007e       0x7f ./synergy/ssp/src/bsp/mcu/s7g2/bsp_rom_registers.o
 .comment       0x0000007e       0x7f ./synergy/ssp/src/bsp/mcu/all/bsp_common.o
 .comment       0x0000007e       0x7f ./synergy/ssp/src/bsp/mcu/all/bsp_common_leds.o
 .comment       0x0000007e       0x7f ./synergy/ssp/src/bsp/mcu/all/bsp_delay.o
 .comment       0x0000007e       0x7f ./synergy/ssp/src/bsp/mcu/all/bsp_irq.o
 .comment       0x0000007e       0x7f ./synergy/ssp/src/bsp/mcu/all/bsp_locking.o
 .comment       0x0000007e       0x7f ./synergy/ssp/src/bsp/mcu/all/bsp_register_protection.o
 .comment       0x0000007e       0x7f ./synergy/ssp/src/bsp/cmsis/Device/RENESAS/S7G2/Source/startup_S7G2.o
 .comment       0x0000007e       0x7f ./synergy/ssp/src/bsp/cmsis/Device/RENESAS/S7G2/Source/system_S7G2.o
 .comment       0x0000007e       0x7f ./synergy/board/s7g2_sk/bsp_init.o
 .comment       0x0000007e       0x7f ./synergy/board/s7g2_sk/bsp_leds.o
 .comment       0x0000007e       0x7f ./synergy/board/s7g2_sk/bsp_qspi.o
 .comment       0x0000007e       0x7f ./src/synergy_gen/common_data.o
 .comment       0x0000007e       0x7f ./src/synergy_gen/hal_data.o
 .comment       0x0000007e       0x7f ./src/synergy_gen/main.o
 .comment       0x0000007e       0x7f ./src/synergy_gen/pin_data.o
 .comment       0x0000007e       0x7f ./src/hal_entry.o

.debug_info     0x00000000    0x5ce82
 .debug_info    0x00000000     0xf8b5 ./synergy/ssp/src/driver/r_ioport/r_ioport.o
 .debug_info    0x0000f8b5     0x34ef ./synergy/ssp/src/driver/r_icu/r_icu.o
 .debug_info    0x00012da4     0x6a51 ./synergy/ssp/src/driver/r_gpt/r_gpt.o
 .debug_info    0x000197f5     0x2773 ./synergy/ssp/src/driver/r_fmi/r_fmi.o
 .debug_info    0x0001bf68     0x22da ./synergy/ssp/src/driver/r_elc/r_elc.o
 .debug_info    0x0001e242     0x7675 ./synergy/ssp/src/driver/r_cgc/r_cgc.o
 .debug_info    0x000258b7     0x1b6c ./synergy/ssp/src/bsp/mcu/s7g2/bsp_cache.o
 .debug_info    0x00027423     0x2936 ./synergy/ssp/src/bsp/mcu/s7g2/bsp_clocks.o
 .debug_info    0x00029d59     0x282f ./synergy/ssp/src/bsp/mcu/s7g2/bsp_feature.o
 .debug_info    0x0002c588     0x1ac0 ./synergy/ssp/src/bsp/mcu/s7g2/bsp_fmi_R7FS7G27H3A01CFC.o
 .debug_info    0x0002e048     0x2714 ./synergy/ssp/src/bsp/mcu/s7g2/bsp_group_irq.o
 .debug_info    0x0003075c     0x29dd ./synergy/ssp/src/bsp/mcu/s7g2/bsp_hw_locks.o
 .debug_info    0x00033139     0x3f2e ./synergy/ssp/src/bsp/mcu/s7g2/bsp_module_stop.o
 .debug_info    0x00037067     0x1ae6 ./synergy/ssp/src/bsp/mcu/s7g2/bsp_rom_registers.o
 .debug_info    0x00038b4d     0x1be1 ./synergy/ssp/src/bsp/mcu/all/bsp_common.o
 .debug_info    0x0003a72e     0x1f25 ./synergy/ssp/src/bsp/mcu/all/bsp_common_leds.o
 .debug_info    0x0003c653     0x1a75 ./synergy/ssp/src/bsp/mcu/all/bsp_delay.o
 .debug_info    0x0003e0c8     0x24ba ./synergy/ssp/src/bsp/mcu/all/bsp_irq.o
 .debug_info    0x00040582     0x1eec ./synergy/ssp/src/bsp/mcu/all/bsp_locking.o
 .debug_info    0x0004246e     0x390b ./synergy/ssp/src/bsp/mcu/all/bsp_register_protection.o
 .debug_info    0x00045d79     0x1b6f ./synergy/ssp/src/bsp/cmsis/Device/RENESAS/S7G2/Source/startup_S7G2.o
 .debug_info    0x000478e8     0x2a5a ./synergy/ssp/src/bsp/cmsis/Device/RENESAS/S7G2/Source/system_S7G2.o
 .debug_info    0x0004a342     0x1980 ./synergy/board/s7g2_sk/bsp_init.o
 .debug_info    0x0004bcc2     0x2070 ./synergy/board/s7g2_sk/bsp_leds.o
 .debug_info    0x0004dd32     0x294e ./synergy/board/s7g2_sk/bsp_qspi.o
 .debug_info    0x00050680     0x2d72 ./src/synergy_gen/common_data.o
 .debug_info    0x000533f2     0x3fc1 ./src/synergy_gen/hal_data.o
 .debug_info    0x000573b3       0x5f ./src/synergy_gen/main.o
 .debug_info    0x00057412     0x2549 ./src/synergy_gen/pin_data.o
 .debug_info    0x0005995b     0x3527 ./src/hal_entry.o

.debug_abbrev   0x00000000     0x5785
 .debug_abbrev  0x00000000      0x4e1 ./synergy/ssp/src/driver/r_ioport/r_ioport.o
 .debug_abbrev  0x000004e1      0x536 ./synergy/ssp/src/driver/r_icu/r_icu.o
 .debug_abbrev  0x00000a17      0x588 ./synergy/ssp/src/driver/r_gpt/r_gpt.o
 .debug_abbrev  0x00000f9f      0x416 ./synergy/ssp/src/driver/r_fmi/r_fmi.o
 .debug_abbrev  0x000013b5      0x33e ./synergy/ssp/src/driver/r_elc/r_elc.o
 .debug_abbrev  0x000016f3      0x5b9 ./synergy/ssp/src/driver/r_cgc/r_cgc.o
 .debug_abbrev  0x00001cac      0x247 ./synergy/ssp/src/bsp/mcu/s7g2/bsp_cache.o
 .debug_abbrev  0x00001ef3      0x3a3 ./synergy/ssp/src/bsp/mcu/s7g2/bsp_clocks.o
 .debug_abbrev  0x00002296      0x203 ./synergy/ssp/src/bsp/mcu/s7g2/bsp_feature.o
 .debug_abbrev  0x00002499      0x1ca ./synergy/ssp/src/bsp/mcu/s7g2/bsp_fmi_R7FS7G27H3A01CFC.o
 .debug_abbrev  0x00002663      0x336 ./synergy/ssp/src/bsp/mcu/s7g2/bsp_group_irq.o
 .debug_abbrev  0x00002999      0x203 ./synergy/ssp/src/bsp/mcu/s7g2/bsp_hw_locks.o
 .debug_abbrev  0x00002b9c      0x36e ./synergy/ssp/src/bsp/mcu/s7g2/bsp_module_stop.o
 .debug_abbrev  0x00002f0a      0x1c8 ./synergy/ssp/src/bsp/mcu/s7g2/bsp_rom_registers.o
 .debug_abbrev  0x000030d2      0x256 ./synergy/ssp/src/bsp/mcu/all/bsp_common.o
 .debug_abbrev  0x00003328      0x1e8 ./synergy/ssp/src/bsp/mcu/all/bsp_common_leds.o
 .debug_abbrev  0x00003510      0x262 ./synergy/ssp/src/bsp/mcu/all/bsp_delay.o
 .debug_abbrev  0x00003772      0x299 ./synergy/ssp/src/bsp/mcu/all/bsp_irq.o
 .debug_abbrev  0x00003a0b      0x3b0 ./synergy/ssp/src/bsp/mcu/all/bsp_locking.o
 .debug_abbrev  0x00003dbb      0x2f0 ./synergy/ssp/src/bsp/mcu/all/bsp_register_protection.o
 .debug_abbrev  0x000040ab      0x23e ./synergy/ssp/src/bsp/cmsis/Device/RENESAS/S7G2/Source/startup_S7G2.o
 .debug_abbrev  0x000042e9      0x3a5 ./synergy/ssp/src/bsp/cmsis/Device/RENESAS/S7G2/Source/system_S7G2.o
 .debug_abbrev  0x0000468e      0x205 ./synergy/board/s7g2_sk/bsp_init.o
 .debug_abbrev  0x00004893      0x1d9 ./synergy/board/s7g2_sk/bsp_leds.o
 .debug_abbrev  0x00004a6c      0x342 ./synergy/board/s7g2_sk/bsp_qspi.o